<html>
<body>
<pre>
<h1>µVision Build Log</h1>
<h2>Tool Versions:</h2>
IDE-Version: ¦ÌVision V5.23.0.0
Copyright (C) 2017 ARM Ltd and ARM Germany GmbH. All rights reserved.
License Information: nnp Administrator, nnp, LIC=2TTFW-QJIX8-ZCSJY-ITZ0Y-BLK25-A4CTC
 
Tool Versions:
Toolchain:       MDK-ARM Professional  Version: 5.23
Toolchain Path:  C:\Keil_v5\ARM\ARMCC\Bin
C Compiler:      Armcc.exe V5.06 update 4 (build 422)
Assembler:       Armasm.exe V5.06 update 4 (build 422)
Linker/Locator:  ArmLink.exe V5.06 update 4 (build 422)
Library Manager: ArmAr.exe V5.06 update 4 (build 422)
Hex Converter:   FromElf.exe V5.06 update 4 (build 422)
CPU DLL:         SARMCM3.DLL V5.23
Dialog DLL:      DCM.DLL V1.15.0.0
Target DLL:      STLink\ST-LINKIII-KEIL_SWO.dll V2.0.18.0
Dialog DLL:      TCM.DLL V1.27.0.0
 
<h2>Project:</h2>
D:\NP_ZHANG\MR.Q\NNP-CAMERA-masterV1.1.4\USER\NETWORK.uvprojx
Project File Date:  05/07/2021

<h2>Output:</h2>
*** Using Compiler 'V5.06 update 4 (build 422)', folder: 'C:\Keil_v5\ARM\ARMCC\Bin'
Build target 'NETWORK'
compiling MT9P031D.c...
..\HARDWARE\MT9P031D\MT9P031D.c(533): warning:  #550-D: variable "pPos"  was set but never used
  					u16 pPos=0;
..\HARDWARE\MT9P031D\MT9P031D.c(588): warning:  #550-D: variable "pPos"  was set but never used
  					u16 pPos=0;
..\HARDWARE\MT9P031D\MT9P031D.c: 2 warnings, 0 errors
linking...
Program Size: Code=63710 RO-data=1526 RW-data=720 ZI-data=33815120  
FromELF: creating hex file...
"..\OBJ\Template.axf" - 0 Error(s), 2 Warning(s).

<h2>Collection of Component include folders:</h2>
  .\RTE\_NETWORK
  C:\Keil_v5\ARM\PACK\Keil\STM32H7xx_DFP\2.4.0\Drivers\CMSIS\Device\ST\STM32H7xx\Include

<h2>Collection of Component Files used:</h2>
Build Time Elapsed:  00:00:20
</pre>
</body>
</html>
