Component: ARM Compiler 5.06 update 4 (build 422) Tool: armlink [4d35d2]

==============================================================================

Section Cross References

    main.o(i.jpeg_data_process) refers to mt9p031d.o(.data) for jpeg_data_ok
    main.o(i.jpeg_data_process) refers to mt9p031d.o(.data) for jpeg_data_len
    main.o(i.jpeg_data_process) refers to dcmi.o(.bss) for DMADMCI_Handler
    main.o(i.jpeg_data_process) refers to udp_demo.o(.bss) for imgbuf2592x480x32
    main.o(i.jpeg_data_process) refers to udp_demo.o(.data) for currentcatch
    main.o(i.main) refers to mpu.o(i.MPU_Memory_Protection) for MPU_Memory_Protection
    main.o(i.main) refers to sys.o(i.Cache_Enable) for Cache_Enable
    main.o(i.main) refers to stm32h7xx_hal.o(i.HAL_Init) for HAL_Init
    main.o(i.main) refers to sys.o(i.Stm32_Clock_Init) for Stm32_Clock_Init
    main.o(i.main) refers to delay.o(i.delay_init) for delay_init
    main.o(i.main) refers to usart.o(i.uart_init) for uart_init
    main.o(i.main) refers to led.o(i.LED_Init) for LED_Init
    main.o(i.main) refers to key.o(i.KEY_Init) for KEY_Init
    main.o(i.main) refers to sdram.o(i.SDRAM_Init) for SDRAM_Init
    main.o(i.main) refers to 24cxx.o(i.AT24CXX_Init) for AT24CXX_Init
    main.o(i.main) refers to malloc.o(i.my_mem_init) for my_mem_init
    main.o(i.main) refers to udp_demo.o(i.InitCamParaPacket) for InitCamParaPacket
    main.o(i.main) refers to udp_demo.o(i.netmem_malloc) for netmem_malloc
    main.o(i.main) refers to os_core.o(i.OSInit) for OSInit
    main.o(i.main) refers to lwip_comm.o(i.lwip_comm_init) for lwip_comm_init
    main.o(i.main) refers to delay.o(i.delay_ms) for delay_ms
    main.o(i.main) refers to lcd.o(i.LCD_Fill) for LCD_Fill
    main.o(i.main) refers to os_sem.o(i.OSSemCreate) for OSSemCreate
    main.o(i.main) refers to udp_demo.o(i.udp_demo_init) for udp_demo_init
    main.o(i.main) refers to os_task.o(i.OSTaskCreate) for OSTaskCreate
    main.o(i.main) refers to os_core.o(i.OSStart) for OSStart
    main.o(i.main) refers to usmart_config.o(.data) for usmart_dev
    main.o(i.main) refers to lcd.o(.data) for POINT_COLOR
    main.o(i.main) refers to udp_demo.o(.data) for msg_netrecvok
    main.o(i.main) refers to main.o(.bss) for .bss
    main.o(i.main) refers to main.o(i.start_task) for start_task
    main.o(i.show_address) refers to _printf_percent.o(.ARM.Collect$$_printf_percent$$00000000) for _printf_percent
    main.o(i.show_address) refers to _printf_d.o(.ARM.Collect$$_printf_percent$$00000009) for _printf_d
    main.o(i.show_address) refers to _printf_dec.o(.text) for _printf_int_dec
    main.o(i.show_address) refers to noretval__2sprintf.o(.text) for __2sprintf
    main.o(i.show_address) refers to lcd.o(i.LCD_ShowString) for LCD_ShowString
    main.o(i.show_address) refers to lwip_comm.o(.bss) for lwipdev
    main.o(i.start_task) refers to os_core.o(i.OSStatInit) for OSStatInit
    main.o(i.start_task) refers to os_cpu_a.o(.text) for OS_CPU_SR_Save
    main.o(i.start_task) refers to os_task.o(i.OSTaskCreate) for OSTaskCreate
    main.o(i.start_task) refers to os_task.o(i.OSTaskSuspend) for OSTaskSuspend
    main.o(i.start_task) refers to mt9p031d.o(.bss) for CAPCAMERA_TASK_STK
    main.o(i.start_task) refers to mt9p031d.o(i.capcamera_task) for capcamera_task
    main.o(i.start_task) refers to mt9p031d.o(.bss) for IMGCAMERA_TASK_STK
    main.o(i.start_task) refers to mt9p031d.o(i.imgcamera_task) for imgcamera_task
    main.o(i.start_task) refers to udp_demo.o(.bss) for UDP_SEND_TASK_STK
    main.o(i.start_task) refers to udp_demo.o(i.udp_send_task) for udp_send_task
    main.o(i.start_task) refers to udp_demo.o(.bss) for UDP_DATAPROCESS_TASK_STK
    main.o(i.start_task) refers to udp_demo.o(i.udp_dataprocess_task) for udp_dataprocess_task
    system_stm32h7xx.o(i.SystemCoreClockUpdate) refers to system_stm32h7xx.o(.data) for .data
    system_stm32h7xx.o(i.SystemCoreClockUpdate) refers to system_stm32h7xx.o(.constdata) for .constdata
    startup_stm32h743xx.o(STACK) refers (Special) to heapauxi.o(.text) for __use_two_region_memory
    startup_stm32h743xx.o(HEAP) refers (Special) to heapauxi.o(.text) for __use_two_region_memory
    startup_stm32h743xx.o(RESET) refers (Special) to heapauxi.o(.text) for __use_two_region_memory
    startup_stm32h743xx.o(RESET) refers to startup_stm32h743xx.o(STACK) for __initial_sp
    startup_stm32h743xx.o(RESET) refers to startup_stm32h743xx.o(.text) for Reset_Handler
    startup_stm32h743xx.o(RESET) refers to stm32h7xx_it.o(i.NMI_Handler) for NMI_Handler
    startup_stm32h743xx.o(RESET) refers to stm32h7xx_it.o(i.HardFault_Handler) for HardFault_Handler
    startup_stm32h743xx.o(RESET) refers to mpu.o(i.MemManage_Handler) for MemManage_Handler
    startup_stm32h743xx.o(RESET) refers to stm32h7xx_it.o(i.BusFault_Handler) for BusFault_Handler
    startup_stm32h743xx.o(RESET) refers to stm32h7xx_it.o(i.UsageFault_Handler) for UsageFault_Handler
[...]
    netmem_malloc                            0x0800ad89   Thumb Code   186  udp_demo.o(i.netmem_malloc)
    pbuf_alloc                               0x0800ae55   Thumb Code   294  pbuf.o(i.pbuf_alloc)
    pbuf_alloced_custom                      0x0800af7b   Thumb Code    92  pbuf.o(i.pbuf_alloced_custom)
    pbuf_cat                                 0x0800afd7   Thumb Code    40  pbuf.o(i.pbuf_cat)
    pbuf_chain                               0x0800afff   Thumb Code    66  pbuf.o(i.pbuf_chain)
    pbuf_clen                                0x0800b041   Thumb Code    18  pbuf.o(i.pbuf_clen)
    pbuf_copy                                0x0800b053   Thumb Code   154  pbuf.o(i.pbuf_copy)
    pbuf_copy_partial                        0x0800b0ed   Thumb Code   112  pbuf.o(i.pbuf_copy_partial)
    pbuf_free                                0x0800b15d   Thumb Code    96  pbuf.o(i.pbuf_free)
    pbuf_free_custom                         0x0800b1bd   Thumb Code    22  ethernetif.o(i.pbuf_free_custom)
    pbuf_header                              0x0800b1d3   Thumb Code   112  pbuf.o(i.pbuf_header)
    pbuf_realloc                             0x0800b243   Thumb Code    88  pbuf.o(i.pbuf_realloc)
    pbuf_ref                                 0x0800b29b   Thumb Code    28  pbuf.o(i.pbuf_ref)
    raw_bind                                 0x0800b311   Thumb Code    12  raw.o(i.raw_bind)
    raw_connect                              0x0800b31d   Thumb Code    12  raw.o(i.raw_connect)
    raw_input                                0x0800b329   Thumb Code   110  raw.o(i.raw_input)
    raw_new                                  0x0800b3a5   Thumb Code    46  raw.o(i.raw_new)
    raw_recv                                 0x0800b3d9   Thumb Code     6  raw.o(i.raw_recv)
    raw_remove                               0x0800b3e1   Thumb Code    42  raw.o(i.raw_remove)
    raw_send                                 0x0800b411   Thumb Code     6  raw.o(i.raw_send)
    raw_sendto                               0x0800b417   Thumb Code   146  raw.o(i.raw_sendto)
    read_addr                                0x0800b4a9   Thumb Code     4  usmart.o(i.read_addr)
    start_task                               0x0800b66d   Thumb Code    76  main.o(i.start_task)
    sys_arch_mbox_fetch                      0x0800b6d9   Thumb Code   116  sys_arch.o(i.sys_arch_mbox_fetch)
    sys_arch_mbox_tryfetch                   0x0800b751   Thumb Code     6  sys_arch.o(i.sys_arch_mbox_tryfetch)
    sys_arch_sem_wait                        0x0800b757   Thumb Code    94  sys_arch.o(i.sys_arch_sem_wait)
    sys_init                                 0x0800b7b5   Thumb Code     2  sys_arch.o(i.sys_init)
    sys_mbox_free                            0x0800b7b7   Thumb Code    14  sys_arch.o(i.sys_mbox_free)
    sys_mbox_new                             0x0800b7c5   Thumb Code    32  sys_arch.o(i.sys_mbox_new)
    sys_mbox_post                            0x0800b7e5   Thumb Code    24  sys_arch.o(i.sys_mbox_post)
    sys_mbox_set_invalid                     0x0800b801   Thumb Code     2  sys_arch.o(i.sys_mbox_set_invalid)
    sys_mbox_trypost                         0x0800b805   Thumb Code    24  sys_arch.o(i.sys_mbox_trypost)
    sys_mbox_valid                           0x0800b821   Thumb Code    58  sys_arch.o(i.sys_mbox_valid)
    sys_sem_free                             0x0800b85b   Thumb Code    20  sys_arch.o(i.sys_sem_free)
    sys_sem_new                              0x0800b871   Thumb Code    34  sys_arch.o(i.sys_sem_new)
    sys_sem_set_invalid                      0x0800b8a1   Thumb Code     6  sys_arch.o(i.sys_sem_set_invalid)
    sys_sem_signal                           0x0800b8a7   Thumb Code     6  sys_arch.o(i.sys_sem_signal)
    sys_sem_valid                            0x0800b8ad   Thumb Code    28  sys_arch.o(i.sys_sem_valid)
    sys_thread_new                           0x0800b8c9   Thumb Code    58  sys_arch.o(i.sys_thread_new)
    sys_timeout                              0x0800b919   Thumb Code   102  timers.o(i.sys_timeout)
    sys_timeouts_init                        0x0800b985   Thumb Code    30  timers.o(i.sys_timeouts_init)
    sys_timeouts_mbox_fetch                  0x0800b9ad   Thumb Code    96  timers.o(i.sys_timeouts_mbox_fetch)
    sys_untimeout                            0x0800ba11   Thumb Code    76  timers.o(i.sys_untimeout)
    tcp_abandon                              0x0800ba61   Thumb Code   144  tcp.o(i.tcp_abandon)
    tcp_abort                                0x0800bafd   Thumb Code     6  tcp.o(i.tcp_abort)
    tcp_accept                               0x0800bb03   Thumb Code     4  tcp.o(i.tcp_accept)
    tcp_alloc                                0x0800bb09   Thumb Code   256  tcp.o(i.tcp_alloc)
    tcp_arg                                  0x0800bc15   Thumb Code     4  tcp.o(i.tcp_arg)
    tcp_bind                                 0x0800bc19   Thumb Code   138  tcp.o(i.tcp_bind)
    tcp_close                                0x0800bcad   Thumb Code    20  tcp.o(i.tcp_close)
    tcp_connect                              0x0800be1d   Thumb Code   300  tcp.o(i.tcp_connect)
    tcp_eff_send_mss                         0x0800bfeb   Thumb Code    38  tcp.o(i.tcp_eff_send_mss)
    tcp_enqueue_flags                        0x0800c011   Thumb Code   184  tcp_out.o(i.tcp_enqueue_flags)
    tcp_err                                  0x0800c0c9   Thumb Code     6  tcp.o(i.tcp_err)
    tcp_fasttmr                              0x0800c0d1   Thumb Code   198  tcp.o(i.tcp_fasttmr)
    tcp_init                                 0x0800c19d   Thumb Code     2  tcp.o(i.tcp_init)
    tcp_input                                0x0800c1a1   Thumb Code  1188  tcp_in.o(i.tcp_input)
    tcp_keepalive                            0x0800c64d   Thumb Code    66  tcp_out.o(i.tcp_keepalive)
    tcp_new                                  0x0800c68f   Thumb Code     6  tcp.o(i.tcp_new)
    tcp_output                               0x0800c6f5   Thumb Code   656  tcp_out.o(i.tcp_output)
    tcp_pcb_purge                            0x0800ca8d   Thumb Code    58  tcp.o(i.tcp_pcb_purge)
    tcp_pcb_remove                           0x0800cac9   Thumb Code    86  tcp.o(i.tcp_pcb_remove)
    tcp_poll                                 0x0800cb25   Thumb Code    10  tcp.o(i.tcp_poll)
    tcp_process_refused_data                 0x0800cf1d   Thumb Code   142  tcp.o(i.tcp_process_refused_data)
    tcp_recv                                 0x0800d3f1   Thumb Code     4  tcp.o(i.tcp_recv)
    tcp_recv_null                            0x0800d3f5   Thumb Code    52  tcp.o(i.tcp_recv_null)
    tcp_recved                               0x0800d429   Thumb Code   104  tcp.o(i.tcp_recved)
    tcp_rexmit                               0x0800d491   Thumb Code    88  tcp_out.o(i.tcp_rexmit)
    tcp_rexmit_fast                          0x0800d4e9   Thumb Code    92  tcp_out.o(i.tcp_rexmit_fast)
    tcp_rexmit_rto                           0x0800d545   Thumb Code    46  tcp_out.o(i.tcp_rexmit_rto)
    tcp_rst                                  0x0800d573   Thumb Code   124  tcp_out.o(i.tcp_rst)
    tcp_seg_free                             0x0800d5ef   Thumb Code    32  tcp.o(i.tcp_seg_free)
    tcp_segs_free                            0x0800d60f   Thumb Code    38  tcp.o(i.tcp_segs_free)
    tcp_send_empty_ack                       0x0800d635   Thumb Code    78  tcp_out.o(i.tcp_send_empty_ack)
    tcp_send_fin                             0x0800d683   Thumb Code    72  tcp_out.o(i.tcp_send_fin)
    tcp_sent                                 0x0800d6cb   Thumb Code     4  tcp.o(i.tcp_sent)
    tcp_shutdown                             0x0800d6cf   Thumb Code    82  tcp.o(i.tcp_shutdown)
    tcp_slowtmr                              0x0800d721   Thumb Code   718  tcp.o(i.tcp_slowtmr)
    tcp_timer_needed                         0x0800da01   Thumb Code    38  timers.o(i.tcp_timer_needed)
    tcp_tmr                                  0x0800da39   Thumb Code    30  tcp.o(i.tcp_tmr)
    tcp_update_rcv_ann_wnd                   0x0800da5d   Thumb Code    60  tcp.o(i.tcp_update_rcv_ann_wnd)
    tcp_write                                0x0800da99   Thumb Code  1074  tcp_out.o(i.tcp_write)
    tcp_zero_window_probe                    0x0800decb   Thumb Code   158  tcp_out.o(i.tcp_zero_window_probe)
    tcpip_apimsg                             0x0800df69   Thumb Code    62  tcpip.o(i.tcpip_apimsg)
    tcpip_init                               0x0800dfad   Thumb Code    44  tcpip.o(i.tcpip_init)
    tcpip_input                              0x0800dff5   Thumb Code    74  tcpip.o(i.tcpip_input)
    uart_init                                0x0800e115   Thumb Code    44  usart.o(i.uart_init)
    udp_bind                                 0x0800e14d   Thumb Code   166  udp.o(i.udp_bind)
    udp_connect                              0x0800e1f9   Thumb Code    74  udp.o(i.udp_connect)
    udp_dataprocess_task                     0x0800e249   Thumb Code  1040  udp_demo.o(i.udp_dataprocess_task)
    udp_demo_init                            0x0800e659   Thumb Code    32  udp_demo.o(i.udp_demo_init)
    udp_init                                 0x0800e681   Thumb Code     2  udp.o(i.udp_init)
    udp_input                                0x0800e685   Thumb Code   330  udp.o(i.udp_input)
    udp_new                                  0x0800e7dd   Thumb Code    38  udp.o(i.udp_new)
    udp_recv                                 0x0800e803   Thumb Code     6  udp.o(i.udp_recv)
    udp_remove                               0x0800e809   Thumb Code    42  udp.o(i.udp_remove)
    udp_send                                 0x0800e839   Thumb Code    46  udp.o(i.udp_send)
    udp_send_task                            0x0800e869   Thumb Code   142  udp_demo.o(i.udp_send_task)
    udp_sendto                               0x0800e901   Thumb Code    42  udp.o(i.udp_sendto)
    udp_sendto_if                            0x0800e92b   Thumb Code   210  udp.o(i.udp_sendto_if)
    usmart_cmd_rec                           0x0800eb39   Thumb Code   170  usmart.o(i.usmart_cmd_rec)
    usmart_exe                               0x0800ebe9   Thumb Code   592  usmart.o(i.usmart_exe)
    usmart_get_aparm                         0x0800eea1   Thumb Code   176  usmart_str.o(i.usmart_get_aparm)
    usmart_get_cmdname                       0x0800ef51   Thumb Code    72  usmart_str.o(i.usmart_get_cmdname)
    usmart_get_fname                         0x0800ef99   Thumb Code   426  usmart_str.o(i.usmart_get_fname)
    usmart_get_fparam                        0x0800f14d   Thumb Code   296  usmart_str.o(i.usmart_get_fparam)
    usmart_get_parmpos                       0x0800f279   Thumb Code    36  usmart_str.o(i.usmart_get_parmpos)
    usmart_init                              0x0800f2a1   Thumb Code    92  usmart.o(i.usmart_init)
    usmart_scan                              0x0800f30d   Thumb Code   102  usmart.o(i.usmart_scan)
    usmart_str2num                           0x0800f3b9   Thumb Code   254  usmart_str.o(i.usmart_str2num)
    usmart_strcmp                            0x0800f4b7   Thumb Code    26  usmart_str.o(i.usmart_strcmp)
    usmart_sys_cmd_exe                       0x0800f4d1   Thumb Code  1484  usmart.o(i.usmart_sys_cmd_exe)
    write_addr                               0x0800fb69   Thumb Code     4  usmart.o(i.write_addr)
    _fp_init                                 0x0800fb6d   Thumb Code    10  fpinit.o(x$fpl$fpinit)
    __fplib_config_fpu_vfp                   0x0800fb75   Thumb Code     0  fpinit.o(x$fpl$fpinit)
    __fplib_config_pureend_doubles           0x0800fb75   Thumb Code     0  fpinit.o(x$fpl$fpinit)
    D1CorePrescTable                         0x0800fb76   Data          16  system_stm32h7xx.o(.constdata)
    memtblsize                               0x0800fba8   Data          12  malloc.o(.constdata)
    memblksize                               0x0800fbb4   Data          12  malloc.o(.constdata)
    memsize                                  0x0800fbc0   Data          12  malloc.o(.constdata)
    OSUnMapTbl                               0x0800fbcc   Data         256  os_core.o(.constdata)
    ethbroadcast                             0x0800fccc   Data           6  etharp.o(.constdata)
    ethzero                                  0x0800fcd2   Data           6  etharp.o(.constdata)
    ip_addr_any                              0x0800fcd8   Data           4  ip_addr.o(.constdata)
    tcp_persist_backoff                      0x0800fd14   Data           7  tcp.o(.constdata)
    tcp_state_str                            0x0800fd1c   Data          44  tcp.o(.constdata)
    tcp_backoff                              0x0800fd48   Data          13  tcp.o(.constdata)
    tcp_pcb_lists                            0x0800fd58   Data          16  tcp.o(.constdata)
    pvNullPointer                            0x0800fd68   Data           4  sys_arch.o(.constdata)
    Region$$Table$$Base                      0x0800feb4   Number         0  anon$$obj.o(Region$$Table)
    Region$$Table$$Limit                     0x0800fed4   Number         0  anon$$obj.o(Region$$Table)
    mem3base                                 0x20000000   Data       61440  malloc.o(.ARM.__AT_0x20000000)
    mem3mapbase                              0x2000f000   Data        3840  malloc.o(.ARM.__AT_0x2000F000)
    SystemCoreClock                          0x24000000   Data           4  system_stm32h7xx.o(.data)
    SystemD2Clock                            0x24000004   Data           4  system_stm32h7xx.o(.data)
    aRxBuffer                                0x24000010   Data           1  usart.o(.data)
    USART_RX_STA                             0x24000012   Data           2  usart.o(.data)
    __stdout                                 0x24000014   Data           4  usart.o(.data)
    uwTick                                   0x24000018   Data           4  stm32h7xx_hal.o(.data)
    POINT_COLOR                              0x2400001c   Data           4  lcd.o(.data)
    BACK_COLOR                               0x24000020   Data           4  lcd.o(.data)
    ltdc_framebuf                            0x24000024   Data           8  ltdc.o(.data)
    ov_frame                                 0x2400002c   Data           4  dcmi.o(.data)
    dcmi_rx_callback                         0x24000030   Data           4  dcmi.o(.data)
    jpeg_data_len                            0x24000034   Data           4  mt9p031d.o(.data)
    jpeg_data_ok                             0x24000038   Data           1  mt9p031d.o(.data)
    jpeg_data_send                           0x24000039   Data           1  mt9p031d.o(.data)
    jpeg_data_pcsend_flag                    0x2400003a   Data           1  mt9p031d.o(.data)
    mallco_dev                               0x24000040   Data          36  malloc.o(.data)
    sys_cmd_tab                              0x24000064   Data          28  usmart.o(.data)
    usmart_nametab                           0x24000080   Data          32  usmart_config.o(.data)
    usmart_dev                               0x240000a0   Data         244  usmart_config.o(.data)
    OSCPUUsage                               0x24000194   Data           1  os_core.o(.data)
    OSStatRdy                                0x24000195   Data           1  os_core.o(.data)
    OSIntNesting                             0x24000196   Data           1  os_core.o(.data)
    OSLockNesting                            0x24000197   Data           1  os_core.o(.data)
    OSPrioCur                                0x24000198   Data           1  os_core.o(.data)
    OSPrioHighRdy                            0x24000199   Data           1  os_core.o(.data)
    OSRdyGrp                                 0x2400019a   Data           1  os_core.o(.data)
    OSRunning                                0x2400019b   Data           1  os_core.o(.data)
    OSTaskCtr                                0x2400019c   Data           1  os_core.o(.data)
    OSTickStepState                          0x2400019d   Data           1  os_core.o(.data)
    OSTaskRegNextAvailID                     0x2400019e   Data           1  os_core.o(.data)
    OSCtxSwCtr                               0x240001a0   Data           4  os_core.o(.data)
    OSEventFreeList                          0x240001a4   Data           4  os_core.o(.data)
    OSIdleCtrMax                             0x240001a8   Data           4  os_core.o(.data)
    OSIdleCtrRun                             0x240001ac   Data           4  os_core.o(.data)
    OSIdleCtr                                0x240001b0   Data           4  os_core.o(.data)
    OSTCBCur                                 0x240001b4   Data           4  os_core.o(.data)
    OSTCBFreeList                            0x240001b8   Data           4  os_core.o(.data)
    OSTCBHighRdy                             0x240001bc   Data           4  os_core.o(.data)
    OSTCBList                                0x240001c0   Data           4  os_core.o(.data)
    OSTime                                   0x240001c4   Data           4  os_core.o(.data)
    OSRdyTbl                                 0x240001c8   Data           8  os_core.o(.data)
    OSFlagFreeList                           0x240001d0   Data           4  os_core.o(.data)
    OSQFreeList                              0x240001d4   Data           4  os_core.o(.data)
    OS_CPU_ExceptStkBase                     0x240001d8   Data           4  os_cpu_c.o(.data)
    TCPIP_THREAD_TASK_STK                    0x240001dc   Data           4  lwip_comm.o(.data)
    LWIP_DHCP_TASK_STK                       0x240001e0   Data           4  lwip_comm.o(.data)
    currentcatch                             0x240001e4   Data           1  udp_demo.o(.data)
    CamVer                                   0x240001e5   Data           1  udp_demo.o(.data)
    StartY240                                0x240001e6   Data           1  udp_demo.o(.data)
    udp_flag                                 0x240001e7   Data           1  udp_demo.o(.data)
    netsendfifordpos                         0x240001e8   Data           2  udp_demo.o(.data)
    netsendfifowrpos                         0x240001ea   Data           2  udp_demo.o(.data)
    netrecvfifordpos                         0x240001ec   Data           2  udp_demo.o(.data)
    netrecvfifowrpos                         0x240001ee   Data           2  udp_demo.o(.data)
    netcam_line_buf0                         0x24000200   Data           4  udp_demo.o(.data)
    netcam_line_buf1                         0x24000204   Data           4  udp_demo.o(.data)
    netsend_line_buf                         0x24000208   Data           4  udp_demo.o(.data)
    netrecv_line_buf                         0x2400020c   Data           4  udp_demo.o(.data)
    CurrentCamPara                           0x24000210   Data           4  udp_demo.o(.data)
    msg_netrecvok                            0x24000214   Data           4  udp_demo.o(.data)
    msg_netsendready                         0x24000218   Data           4  udp_demo.o(.data)
    udpconn                                  0x2400021c   Data           4  udp_demo.o(.data)
    UdpShort                                 0x24000220   Data          23  udp_demo.o(.data)
    current_pbuf_idx                         0x24000238   Data           4  ethernetif.o(.data)
    current_netif                            0x24000240   Data           4  ip.o(.data)
    current_header                           0x24000244   Data           4  ip.o(.data)
    current_iphdr_src                        0x24000248   Data           4  ip.o(.data)
    current_iphdr_dest                       0x2400024c   Data           4  ip.o(.data)
    netif_list                               0x2400026c   Data           4  netif.o(.data)
    netif_default                            0x24000270   Data           4  netif.o(.data)
    tcp_active_pcbs_changed                  0x24000278   Data           1  tcp.o(.data)
    tcp_ticks                                0x24000284   Data           4  tcp.o(.data)
    tcp_bound_pcbs                           0x24000288   Data           4  tcp.o(.data)
    tcp_listen_pcbs                          0x2400028c   Data           4  tcp.o(.data)
    tcp_active_pcbs                          0x24000290   Data           4  tcp.o(.data)
    tcp_tw_pcbs                              0x24000294   Data           4  tcp.o(.data)
    tcp_tmp_pcb                              0x24000298   Data           4  tcp.o(.data)
    tcp_input_pcb                            0x240002b4   Data           4  tcp_in.o(.data)
    udp_pcbs                                 0x240002c4   Data           4  udp.o(.data)
    START_TASK_STK                           0x240002d0   Data         512  main.o(.bss)
    USART_RX_BUF                             0x240004d0   Data         200  usart.o(.bss)
    UART1_Handler                            0x24000598   Data         128  usart.o(.bss)
    SRAM_Handler                             0x24000618   Data          76  lcd.o(.bss)
    lcddev                                   0x24000664   Data          14  lcd.o(.bss)
    SDRAM_Handler                            0x24000674   Data          52  sdram.o(.bss)
    LTDC_Handler                             0x240006a8   Data         168  ltdc.o(.bss)
    lcdltdc                                  0x24000750   Data          32  ltdc.o(.bss)
    LAN8720_ETHHandle                        0x24000770   Data         104  lan8720.o(.bss)
    DCMI_Handler                             0x240007d8   Data          80  dcmi.o(.bss)
    DMADMCI_Handler                          0x24000828   Data         120  dcmi.o(.bss)
    CAPCAMERA_TASK_STK                       0x240008a0   Data        6000  mt9p031d.o(.bss)
    IMGCAMERA_TASK_STK                       0x24002010   Data        6000  mt9p031d.o(.bss)
    mem1base                                 0x24003780   Data       163840  malloc.o(.bss)
    mem1mapbase                              0x2402b780   Data       10240  malloc.o(.bss)
    TIM4_Handler                             0x2402df80   Data          64  usmart.o(.bss)
    OSEventTbl                               0x2402dfc0   Data         720  os_core.o(.bss)
    OSTaskStatStk                            0x2402e290   Data         512  os_core.o(.bss)
    OSTaskIdleStk                            0x2402e490   Data         512  os_core.o(.bss)
    OSTCBPrioTbl                             0x2402e690   Data         256  os_core.o(.bss)
    OSTCBTbl                                 0x2402e790   Data        1936  os_core.o(.bss)
    OSFlagTbl                                0x2402ef20   Data          80  os_core.o(.bss)
    OSQTbl                                   0x2402ef70   Data         240  os_core.o(.bss)
    OS_CPU_ExceptStk                         0x2402f060   Data         512  os_cpu_c.o(.bss)
    lwipdev                                  0x2402f260   Data          23  lwip_comm.o(.bss)
    lwip_netif                               0x2402f278   Data          48  lwip_comm.o(.bss)
    UDP_TASK_STK                             0x2402f2a8   Data        1200  udp_demo.o(.bss)
    netsendfifobuf                           0x2402f758   Data         240  udp_demo.o(.bss)
    netrecvfifobuf                           0x2402f848   Data         240  udp_demo.o(.bss)
    imgbuf2592x480x32                        0x2402f938   Data          12  udp_demo.o(.bss)
    UDP_SEND_TASK_STK                        0x2402f944   Data        6000  udp_demo.o(.bss)
    UDP_DATAPROCESS_TASK_STK                 0x240310b4   Data        6000  udp_demo.o(.bss)
    TxConfig                                 0x240328ec   Data          52  ethernetif.o(.bss)
    rx_pbuf                                  0x24032920   Data          80  ethernetif.o(.bss)
    ram_heap                                 0x24032970   Data       16020  mem.o(.bss)
    __libspace_start                         0x2403a31c   Data          96  libspace.o(.bss)
    __temporary_stack_top$libspace           0x2403a37c   Data           0  libspace.o(.bss)
    DMARxDscrTab                             0x30040000   Data          96  lan8720.o(.ARM.__AT_0x30040000)
    DMATxDscrTab                             0x30040060   Data          96  lan8720.o(.ARM.__AT_0x30040060)
    Rx_Buff                                  0x30040200   Data        6112  lan8720.o(.ARM.__AT_0x30040200)
    ltdc_lcd_framebuf                        0xc0000000   Data       2048000  ltdc.o(.ARM.__AT_0xC0000000)
    mem2base                                 0xc01f4000   Data       29605888  malloc.o(.ARM.__AT_0xC01F4000)
    mem2mapbase                              0xc1e30000   Data       1850368  malloc.o(.ARM.__AT_0xC1E30000)



==============================================================================

Memory Map of the image

  Image Entry point : 0x08000299

  Load Region LR_IROM1 (Base: 0x08000000, Size: 0x000101a4, Max: 0x00200000, ABSOLUTE, COMPRESSED[0x0000ff74])

    Execution Region ER_IROM1 (Base: 0x08000000, Size: 0x0000fed4, Max: 0x00200000, ABSOLUTE)

    Base Addr    Size         Type   Attr      Idx    E Section Name        Object

    0x08000000   0x00000298   Data   RO          597    RESET               startup_stm32h743xx.o
    0x08000298   0x00000008   Code   RO        10951  * !!!main             c_w.l(__main.o)
    0x080002a0   0x00000034   Code   RO        11145    !!!scatter          c_w.l(__scatter.o)
    0x080002d4   0x0000005a   Code   RO        11143    !!dczerorl2         c_w.l(__dczerorl2.o)
    0x0800032e   0x00000002   PAD
    0x08000330   0x0000001c   Code   RO        11147    !!handler_zi        c_w.l(__scatter_zi.o)
    0x0800034c   0x00000000   Code   RO        10936    .ARM.Collect$$_printf_percent$$00000000  c_w.l(_printf_percent.o)
    0x0800034c   0x00000006   Code   RO        10934    .ARM.Collect$$_printf_percent$$00000009  c_w.l(_printf_d.o)
    0x08000352   0x00000006   Code   RO        10935    .ARM.Collect$$_printf_percent$$0000000A  c_w.l(_printf_u.o)
    0x08000358   0x00000006   Code   RO        10933    .ARM.Collect$$_printf_percent$$0000000C  c_w.l(_printf_x.o)
    0x0800035e   0x00000006   Code   RO        10931    .ARM.Collect$$_printf_percent$$00000013  c_w.l(_printf_c.o)
    0x08000364   0x00000006   Code   RO        10932    .ARM.Collect$$_printf_percent$$00000014  c_w.l(_printf_s.o)
    0x0800036a   0x00000004   Code   RO        10973    .ARM.Collect$$_printf_percent$$00000017  c_w.l(_printf_percent_end.o)
    0x0800036e   0x00000002   Code   RO        11065    .ARM.Collect$$libinit$$00000000  c_w.l(libinit.o)
    0x08000370   0x00000004   Code   RO        11005    .ARM.Collect$$libinit$$00000001  c_w.l(libinit2.o)
    0x08000374   0x00000000   Code   RO        11008    .ARM.Collect$$libinit$$00000004  c_w.l(libinit2.o)
    0x08000374   0x00000000   Code   RO        11011    .ARM.Collect$$libinit$$0000000A  c_w.l(libinit2.o)
    0x08000374   0x00000000   Code   RO        11013    .ARM.Collect$$libinit$$0000000C  c_w.l(libinit2.o)
    0x08000374   0x00000000   Code   RO        11015    .ARM.Collect$$libinit$$0000000E  c_w.l(libinit2.o)
    0x08000374   0x00000000   Code   RO        11018    .ARM.Collect$$libinit$$00000011  c_w.l(libinit2.o)
    0x08000374   0x00000000   Code   RO        11020    .ARM.Collect$$libinit$$00000013  c_w.l(libinit2.o)
    0x08000374   0x00000000   Code   RO        11022    .ARM.Collect$$libinit$$00000015  c_w.l(libinit2.o)
    0x08000374   0x00000000   Code   RO        11024    .ARM.Collect$$libinit$$00000017  c_w.l(libinit2.o)
    0x08000374   0x00000000   Code   RO        11026    .ARM.Collect$$libinit$$00000019  c_w.l(libinit2.o)
    0x08000374   0x00000000   Code   RO        11028    .ARM.Collect$$libinit$$0000001B  c_w.l(libinit2.o)
    0x08000374   0x00000000   Code   RO        11030    .ARM.Collect$$libinit$$0000001D  c_w.l(libinit2.o)
    0x08000374   0x00000000   Code   RO        11032    .ARM.Collect$$libinit$$0000001F  c_w.l(libinit2.o)
    0x08000374   0x00000000   Code   RO        11034    .ARM.Collect$$libinit$$00000021  c_w.l(libinit2.o)
    0x08000374   0x00000000   Code   RO        11036    .ARM.Collect$$libinit$$00000023  c_w.l(libinit2.o)
    0x08000374   0x00000000   Code   RO        11038    .ARM.Collect$$libinit$$00000025  c_w.l(libinit2.o)
    0x08000374   0x00000000   Code   RO        11042    .ARM.Collect$$libinit$$0000002C  c_w.l(libinit2.o)
    0x08000374   0x00000000   Code   RO        11044    .ARM.Collect$$libinit$$0000002E  c_w.l(libinit2.o)
    0x08000374   0x00000000   Code   RO        11046    .ARM.Collect$$libinit$$00000030  c_w.l(libinit2.o)
    0x08000374   0x00000000   Code   RO        11048    .ARM.Collect$$libinit$$00000032  c_w.l(libinit2.o)
    0x08000374   0x00000002   Code   RO        11049    .ARM.Collect$$libinit$$00000033  c_w.l(libinit2.o)
    0x08000376   0x00000002   Code   RO        11110    .ARM.Collect$$libshutdown$$00000000  c_w.l(libshutdown.o)
    0x08000378   0x00000000   Code   RO        11126    .ARM.Collect$$libshutdown$$00000002  c_w.l(libshutdown2.o)
    0x08000378   0x00000000   Code   RO        11128    .ARM.Collect$$libshutdown$$00000004  c_w.l(libshutdown2.o)
    0x08000378   0x00000000   Code   RO        11131    .ARM.Collect$$libshutdown$$00000007  c_w.l(libshutdown2.o)
    0x08000378   0x00000000   Code   RO        11134    .ARM.Collect$$libshutdown$$0000000A  c_w.l(libshutdown2.o)
    0x08000378   0x00000000   Code   RO        11136    .ARM.Collect$$libshutdown$$0000000C  c_w.l(libshutdown2.o)
    0x08000378   0x00000000   Code   RO        11139    .ARM.Collect$$libshutdown$$0000000F  c_w.l(libshutdown2.o)
    0x08000378   0x00000002   Code   RO        11140    .ARM.Collect$$libshutdown$$00000010  c_w.l(libshutdown2.o)
    0x0800037a   0x00000000   Code   RO        10953    .ARM.Collect$$rtentry$$00000000  c_w.l(__rtentry.o)
    0x0800037a   0x00000000   Code   RO        10983    .ARM.Collect$$rtentry$$00000002  c_w.l(__rtentry2.o)
    0x0800037a   0x00000006   Code   RO        10995    .ARM.Collect$$rtentry$$00000004  c_w.l(__rtentry4.o)
    0x08000380   0x00000000   Code   RO        10985    .ARM.Collect$$rtentry$$00000009  c_w.l(__rtentry2.o)
    0x08000380   0x00000004   Code   RO        10986    .ARM.Collect$$rtentry$$0000000A  c_w.l(__rtentry2.o)
    0x08000384   0x00000000   Code   RO        10988    .ARM.Collect$$rtentry$$0000000C  c_w.l(__rtentry2.o)
    0x08000384   0x00000008   Code   RO        10989    .ARM.Collect$$rtentry$$0000000D  c_w.l(__rtentry2.o)
    0x0800038c   0x00000002   Code   RO        11068    .ARM.Collect$$rtexit$$00000000  c_w.l(rtexit.o)
    0x0800038e   0x00000000   Code   RO        11083    .ARM.Collect$$rtexit$$00000002  c_w.l(rtexit2.o)
    0x0800038e   0x00000004   Code   RO        11084    .ARM.Collect$$rtexit$$00000003  c_w.l(rtexit2.o)
    0x08000392   0x00000006   Code   RO        11085    .ARM.Collect$$rtexit$$00000004  c_w.l(rtexit2.o)
    0x08000398   0x00000010   Code   RO          664    .emb_text           sys.o
    0x080003a8   0x00000068   Code   RO          598    .text               startup_stm32h743xx.o
    0x08000410   0x000000dc   Code   RO         8170    .text               os_cpu_a.o
    0x080004ec   0x000000ee   Code   RO        10872    .text               c_w.l(lludivv7m.o)
    0x080005da   0x00000002   PAD
    0x080005dc   0x00000018   Code   RO        10878    .text               c_w.l(noretval__2printf.o)
    0x080005f4   0x0000004e   Code   RO        10884    .text               c_w.l(_printf_pad.o)
    0x08000642   0x00000052   Code   RO        10886    .text               c_w.l(_printf_str.o)
    0x08000694   0x00000078   Code   RO        10888    .text               c_w.l(_printf_dec.o)
    0x0800070c   0x00000058   Code   RO        10893    .text               c_w.l(_printf_hex_int.o)
    0x08000764   0x00000188   Code   RO        10928    .text               c_w.l(__printf_flags_ss_wp.o)
    0x080008ec   0x00000058   Code   RO        10937    .text               c_w.l(memcmp.o)
    0x08000944   0x0000008a   Code   RO        10941    .text               c_w.l(rt_memcpy_v6.o)
    0x080009ce   0x0000004e   Code   RO        10945    .text               c_w.l(rt_memclr_w.o)
    0x08000a1c   0x00000068   Code   RO        10947    .text               c_w.l(strcmpv7m_pel.o)
    0x08000a84   0x00000006   Code   RO        10949    .text               c_w.l(heapauxi.o)
    0x08000a8a   0x000000b2   Code   RO        10963    .text               c_w.l(_printf_intcommon.o)
    0x08000b3c   0x00000030   Code   RO        10965    .text               c_w.l(_printf_char_common.o)
    0x08000b6c   0x0000002c   Code   RO        10969    .text               c_w.l(_printf_char.o)
    0x08000b98   0x00000024   Code   RO        10971    .text               c_w.l(_printf_char_file.o)
    0x08000bbc   0x00000064   Code   RO        10977    .text               c_w.l(rt_memcpy_w.o)
    0x08000c20   0x00000008   Code   RO        10979    .text               c_w.l(libspace.o)
    0x08000c28   0x00000008   Code   RO        11001    .text               c_w.l(ferror.o)
    0x08000c30   0x0000004a   Code   RO        11050    .text               c_w.l(sys_stackheap_outer.o)
    0x08000c7a   0x00000012   Code   RO        11052    .text               c_w.l(exit.o)
    0x08000c8c   0x00000004   Code   RO         6352    i.AT24CXX_Init      24cxx.o
    0x08000c90   0x0000006a   Code   RO         6354    i.AT24CXX_ReadLenByte  24cxx.o
    0x08000cfa   0x00000042   Code   RO         6355    i.AT24CXX_ReadOneByte  24cxx.o
    0x08000d3c   0x00000064   Code   RO         6357    i.AT24CXX_WriteLenByte  24cxx.o
    0x08000da0   0x0000003e   Code   RO         6358    i.AT24CXX_WriteOneByte  24cxx.o
    0x08000dde   0x00000002   Code   RO         8176    i.App_TCBInitHook   app_hooks.o
    0x08000de0   0x00000002   Code   RO         8177    i.App_TaskCreateHook  app_hooks.o
    0x08000de2   0x00000002   Code   RO         8178    i.App_TaskDelHook   app_hooks.o
    0x08000de4   0x00000002   Code   RO         8179    i.App_TaskIdleHook  app_hooks.o
    0x08000de6   0x00000002   Code   RO         8180    i.App_TaskReturnHook  app_hooks.o
    0x08000de8   0x00000002   Code   RO         8181    i.App_TaskStatHook  app_hooks.o
    0x08000dea   0x00000002   Code   RO         8182    i.App_TaskSwHook    app_hooks.o
    0x08000dec   0x00000004   Code   RO         8183    i.App_TimeTickHook  app_hooks.o
    0x08000df0   0x00000002   Code   RO          462    i.BusFault_Handler  stm32h7xx_it.o
    0x08000df2   0x00000002   PAD
    0x08000df4   0x00000090   Code   RO          665    i.Cache_Enable      sys.o
    0x08000e84   0x00000020   Code   RO         5205    i.DCMI_DMAError     stm32h7xx_hal_dcmi.o
    0x08000ea4   0x000000e0   Code   RO         6072    i.DCMI_DMA_Init     dcmi.o
    0x08000f84   0x0000000c   Code   RO         6073    i.DCMI_IRQHandler   dcmi.o
    0x08000f90   0x00000040   Code   RO         6074    i.DCMI_Init         dcmi.o
    0x08000fd0   0x00000038   Code   RO         6076    i.DCMI_Start        dcmi.o
    0x08001008   0x000000b8   Code   RO         6078    i.DMA1_Stream1_IRQHandler  dcmi.o
    0x080010c0   0x000000c4   Code   RO         1201    i.DMA_SetConfig     stm32h7xx_hal_dma.o
    0x08001184   0x00000002   Code   RO          463    i.DebugMon_Handler  stm32h7xx_it.o
    0x08001186   0x00000002   PAD
    0x08001188   0x00000028   Code   RO         5901    i.ETH_IRQHandler    lan8720.o
    0x080011b0   0x000002ec   Code   RO         4770    i.ETH_Prepare_Tx_Descriptors  stm32h7xx_hal_eth.o
    0x0800149c   0x000000b8   Code   RO         4771    i.ETH_SetDMAConfig  stm32h7xx_hal_eth.o
    0x08001554   0x000001b4   Code   RO         4772    i.ETH_SetMACConfig  stm32h7xx_hal_eth.o
    0x08001708   0x0000005e   Code   RO         3707    i.FMC_SDRAM_Init    stm32h7xx_ll_fmc.o
    0x08001766   0x0000000c   Code   RO         3708    i.FMC_SDRAM_ProgramRefreshRate  stm32h7xx_ll_fmc.o
    0x08001772   0x00000024   Code   RO         3709    i.FMC_SDRAM_SendCommand  stm32h7xx_ll_fmc.o
    0x08001796   0x00000092   Code   RO         3711    i.FMC_SDRAM_Timing_Init  stm32h7xx_ll_fmc.o
    0x08001828   0x00000002   Code   RO         5211    i.HAL_DCMI_ErrorCallback  stm32h7xx_hal_dcmi.o
    0x0800182a   0x00000002   PAD
    0x0800182c   0x00000034   Code   RO         6079    i.HAL_DCMI_FrameEventCallback  dcmi.o
    0x08001860   0x000000b0   Code   RO         5215    i.HAL_DCMI_IRQHandler  stm32h7xx_hal_dcmi.o
    0x08001910   0x000000bc   Code   RO         5216    i.HAL_DCMI_Init     stm32h7xx_hal_dcmi.o
    0x080019cc   0x00000002   Code   RO         5217    i.HAL_DCMI_LineEventCallback  stm32h7xx_hal_dcmi.o
    0x080019ce   0x00000002   PAD
    0x080019d0   0x000000f0   Code   RO         6080    i.HAL_DCMI_MspInit  dcmi.o
    0x08001ac0   0x00000002   Code   RO         5224    i.HAL_DCMI_VsyncEventCallback  stm32h7xx_hal_dcmi.o
    0x08001ac2   0x00000002   PAD
    0x08001ac4   0x000000b4   Code   RO         1303    i.HAL_DMAEx_MultiBufferStart  stm32h7xx_hal_dma_ex.o
    0x08001b78   0x000000a8   Code   RO         1203    i.HAL_DMA_Abort_IT  stm32h7xx_hal_dma.o
    0x08001c20   0x000000fc   Code   RO         1204    i.HAL_DMA_DeInit    stm32h7xx_hal_dma.o
    0x08001d1c   0x000002d4   Code   RO         1208    i.HAL_DMA_Init      stm32h7xx_hal_dma.o
    0x08001ff0   0x00000062   Code   RO         1211    i.HAL_DMA_Start     stm32h7xx_hal_dma.o
    0x08002052   0x0000008a   Code   RO         4773    i.HAL_ETH_BuildRxDescriptors  stm32h7xx_hal_eth.o
    0x080020dc   0x00000052   Code   RO         4776    i.HAL_ETH_DescAssignMemory  stm32h7xx_hal_eth.o
    0x0800212e   0x000001bc   Code   RO         4783    i.HAL_ETH_GetMACConfig  stm32h7xx_hal_eth.o
    0x080022ea   0x000000b6   Code   RO         4787    i.HAL_ETH_GetRxDataBuffer  stm32h7xx_hal_eth.o
    0x080023a0   0x00000036   Code   RO         4789    i.HAL_ETH_GetRxDataLength  stm32h7xx_hal_eth.o
    0x080023d6   0x00000002   PAD
    0x080023d8   0x000002ec   Code   RO         4792    i.HAL_ETH_Init      stm32h7xx_hal_eth.o
    0x080026c4   0x000000f0   Code   RO         4793    i.HAL_ETH_IsRxDataAvailable  stm32h7xx_hal_eth.o
    0x080027b4   0x000000ec   Code   RO         5902    i.HAL_ETH_MspInit   lan8720.o
    0x080028a0   0x0000006a   Code   RO         4798    i.HAL_ETH_ReadPHYRegister  stm32h7xx_hal_eth.o
    0x0800290a   0x00000018   Code   RO         4802    i.HAL_ETH_SetMACConfig  stm32h7xx_hal_eth.o
    0x08002922   0x00000002   PAD
    0x08002924   0x00000078   Code   RO         4804    i.HAL_ETH_SetMDIOClockRange  stm32h7xx_hal_eth.o
    0x0800299c   0x000000b8   Code   RO         4809    i.HAL_ETH_Start_IT  stm32h7xx_hal_eth.o
    0x08002a54   0x000000e8   Code   RO         4812    i.HAL_ETH_Transmit  stm32h7xx_hal_eth.o
    0x08002b3c   0x00000070   Code   RO         4816    i.HAL_ETH_WritePHYRegister  stm32h7xx_hal_eth.o
    0x08002bac   0x00000010   Code   RO          796    i.HAL_EnableCompensationCell  stm32h7xx_hal.o
    0x08002bbc   0x0000022c   Code   RO         1366    i.HAL_GPIO_Init     stm32h7xx_hal_gpio.o
    0x08002de8   0x0000000a   Code   RO         1368    i.HAL_GPIO_ReadPin  stm32h7xx_hal_gpio.o
    0x08002df2   0x00000008   Code   RO         1369    i.HAL_GPIO_TogglePin  stm32h7xx_hal_gpio.o
    0x08002dfa   0x0000000a   Code   RO         1370    i.HAL_GPIO_WritePin  stm32h7xx_hal_gpio.o
    0x08002e04   0x0000000c   Code   RO          803    i.HAL_GetTick       stm32h7xx_hal.o
    0x08002e10   0x00000010   Code   RO          804    i.HAL_IncTick       stm32h7xx_hal.o
    0x08002e20   0x00000016   Code   RO          805    i.HAL_Init          stm32h7xx_hal.o
    0x08002e36   0x00000002   PAD
    0x08002e38   0x00000028   Code   RO          806    i.HAL_InitTick      stm32h7xx_hal.o
    0x08002e60   0x00000054   Code   RO         1078    i.HAL_MPU_ConfigRegion  stm32h7xx_hal_cortex.o
    0x08002eb4   0x00000002   Code   RO          569    i.HAL_MspInit       stm32h7xx_hal_msp.o
    0x08002eb6   0x0000001e   Code   RO         1081    i.HAL_NVIC_EnableIRQ  stm32h7xx_hal_cortex.o
    0x08002ed4   0x00000064   Code   RO         1087    i.HAL_NVIC_SetPriority  stm32h7xx_hal_cortex.o
    0x08002f38   0x00000024   Code   RO         1088    i.HAL_NVIC_SetPriorityGrouping  stm32h7xx_hal_cortex.o
    0x08002f5c   0x00000034   Code   RO         1909    i.HAL_RCCEx_GetD1SysClockFreq  stm32h7xx_hal_rcc_ex.o
    0x08002f90   0x0000002c   Code   RO         1910    i.HAL_RCCEx_GetD3PCLK1Freq  stm32h7xx_hal_rcc_ex.o
    0x08002fbc   0x00000168   Code   RO         1912    i.HAL_RCCEx_GetPLL2ClockFreq  stm32h7xx_hal_rcc_ex.o
    0x08003124   0x00000168   Code   RO         1913    i.HAL_RCCEx_GetPLL3ClockFreq  stm32h7xx_hal_rcc_ex.o
    0x0800328c   0x0000020c   Code   RO         1802    i.HAL_RCC_ClockConfig  stm32h7xx_hal_rcc.o
    0x08003498   0x00000034   Code   RO         1806    i.HAL_RCC_GetHCLKFreq  stm32h7xx_hal_rcc.o
    0x080034cc   0x00000050   Code   RO         1808    i.HAL_RCC_GetPCLK1Freq  stm32h7xx_hal_rcc.o
    0x0800351c   0x00000054   Code   RO         1809    i.HAL_RCC_GetPCLK2Freq  stm32h7xx_hal_rcc.o
    0x08003570   0x0000015c   Code   RO         1810    i.HAL_RCC_GetSysClockFreq  stm32h7xx_hal_rcc.o
    0x080036cc   0x00000594   Code   RO         1813    i.HAL_RCC_OscConfig  stm32h7xx_hal_rcc.o
    0x08003c60   0x00000050   Code   RO         3985    i.HAL_SDRAM_Init    stm32h7xx_hal_sdram.o
    0x08003cb0   0x0000010c   Code   RO         5622    i.HAL_SDRAM_MspInit  sdram.o
    0x08003dbc   0x00000024   Code   RO         3988    i.HAL_SDRAM_ProgramRefreshRate  stm32h7xx_hal_sdram.o
    0x08003de0   0x0000002e   Code   RO         3994    i.HAL_SDRAM_SendCommand  stm32h7xx_hal_sdram.o
    0x08003e0e   0x00000002   PAD
    0x08003e10   0x00000014   Code   RO          810    i.HAL_SYSCFG_AnalogSwitchConfig  stm32h7xx_hal.o
    0x08003e24   0x00000014   Code   RO          817    i.HAL_SYSCFG_ETHInterfaceSelect  stm32h7xx_hal.o
    0x08003e38   0x00000016   Code   RO         1090    i.HAL_SYSTICK_CLKSourceConfig  stm32h7xx_hal_cortex.o
    0x08003e4e   0x00000002   PAD
    0x08003e50   0x0000002c   Code   RO         1092    i.HAL_SYSTICK_Config  stm32h7xx_hal_cortex.o
    0x08003e7c   0x00000036   Code   RO         2706    i.HAL_TIM_Base_Init  stm32h7xx_hal_tim.o
    0x08003eb2   0x00000002   Code   RO         2708    i.HAL_TIM_Base_MspInit  stm32h7xx_hal_tim.o
    0x08003eb4   0x00000018   Code   RO         2711    i.HAL_TIM_Base_Start_IT  stm32h7xx_hal_tim.o
    0x08003ecc   0x00000002   Code   RO         2404    i.HAL_UARTEx_WakeupCallback  stm32h7xx_hal_uart_ex.o
    0x08003ece   0x00000002   Code   RO         2085    i.HAL_UART_ErrorCallback  stm32h7xx_hal_uart.o
    0x08003ed0   0x0000000c   Code   RO         2087    i.HAL_UART_GetState  stm32h7xx_hal_uart.o
    0x08003edc   0x0000024c   Code   RO         2088    i.HAL_UART_IRQHandler  stm32h7xx_hal_uart.o
    0x08004128   0x0000006e   Code   RO         2089    i.HAL_UART_Init     stm32h7xx_hal_uart.o
    0x08004196   0x00000002   PAD
    0x08004198   0x00000084   Code   RO          714    i.HAL_UART_MspInit  usart.o
    0x0800421c   0x000000b2   Code   RO         2094    i.HAL_UART_Receive_IT  stm32h7xx_hal_uart.o
    0x080042ce   0x00000002   PAD
    0x080042d0   0x0000007c   Code   RO          715    i.HAL_UART_RxCpltCallback  usart.o
    0x0800434c   0x00000002   Code   RO         2100    i.HAL_UART_TxCpltCallback  stm32h7xx_hal_uart.o
    0x0800434e   0x00000002   Code   RO          464    i.HardFault_Handler  stm32h7xx_it.o
    0x08004350   0x00000050   Code   RO         5791    i.IIC_Init          myiic.o
    0x080043a0   0x000000e8   Code   RO         5793    i.IIC_Read_Byte     myiic.o
    0x08004488   0x00000078   Code   RO         5794    i.IIC_Send_Byte     myiic.o
    0x08004500   0x00000050   Code   RO         5795    i.IIC_Start         myiic.o
    0x08004550   0x00000058   Code   RO         5796    i.IIC_Stop          myiic.o
    0x080045a8   0x000000b4   Code   RO         5797    i.IIC_Wait_Ack      myiic.o
    0x0800465c   0x000002e4   Code   RO         8360    i.InitCamParaPacket  udp_demo.o
    0x08004940   0x00000080   Code   RO         5365    i.KEY_Init          key.o
    0x080049c0   0x00000090   Code   RO         5911    i.LAN8720_GetLinkState  lan8720.o
    0x08004a50   0x000001ec   Code   RO         5912    i.LAN8720_Init      lan8720.o
    0x08004c3c   0x0000001c   Code   RO         5913    i.LAN8720_ReadPHY   lan8720.o
    0x08004c58   0x0000001c   Code   RO         5916    i.LAN8720_WritePHY  lan8720.o
    0x08004c74   0x00000078   Code   RO         5408    i.LCD_Fill          lcd.o
    0x08004cec   0x000002bc   Code   RO         5417    i.LCD_SetCursor     lcd.o
    0x08004fa8   0x00000014   Code   RO         5426    i.LCD_WriteRAM_Prepare  lcd.o
    0x08004fbc   0x000000a4   Code   RO         5341    i.LED_Init          led.o
    0x08005060   0x000000b8   Code   RO         5685    i.LTDC_Fill         ltdc.o
    0x08005118   0x00000036   Code   RO         6031    i.MPU_Memory_Protection  mpu.o
    0x0800514e   0x00000002   PAD
    0x08005150   0x00000070   Code   RO         6032    i.MPU_Set_Protection  mpu.o
    0x080051c0   0x00000110   Code   RO         6156    i.MT9P031_Init      mt9p031d.o
    0x080052d0   0x0000007c   Code   RO         6033    i.MemManage_Handler  mpu.o
    0x0800534c   0x00000070   Code   RO         5917    i.NETMPU_Config     lan8720.o
    0x080053bc   0x00000002   Code   RO          465    i.NMI_Handler       stm32h7xx_it.o
    0x080053be   0x00000002   PAD
    0x080053c0   0x00000040   Code   RO         7430    i.OSEventNameSet    os_core.o
    0x08005400   0x0000019c   Code   RO         7432    i.OSInit            os_core.o
    0x0800559c   0x00000028   Code   RO         8066    i.OSInitHookBegin   os_cpu_c.o
    0x080055c4   0x00000002   Code   RO         8067    i.OSInitHookEnd     os_cpu_c.o
    0x080055c6   0x00000002   PAD
    0x080055c8   0x0000001c   Code   RO         7433    i.OSIntEnter        os_core.o
    0x080055e4   0x00000070   Code   RO         7434    i.OSIntExit         os_core.o
    0x08005654   0x00000094   Code   RO         7794    i.OSQCreate         os_q.o
    0x080056e8   0x000000ec   Code   RO         7795    i.OSQDel            os_q.o
    0x080057d4   0x000000e8   Code   RO         7797    i.OSQPend           os_q.o
    0x080058bc   0x0000006a   Code   RO         7799    i.OSQPost           os_q.o
    0x08005926   0x0000005c   Code   RO         7802    i.OSQQuery          os_q.o
    0x08005982   0x00000002   PAD
    0x08005984   0x0000002c   Code   RO         7435    i.OSSchedLock       os_core.o
    0x080059b0   0x0000003c   Code   RO         7436    i.OSSchedUnlock     os_core.o
    0x080059ec   0x0000004c   Code   RO         7866    i.OSSemCreate       os_sem.o
    0x08005a38   0x000000cc   Code   RO         7867    i.OSSemDel          os_sem.o
    0x08005b04   0x000000c4   Code   RO         7868    i.OSSemPend         os_sem.o
    0x08005bc8   0x00000052   Code   RO         7870    i.OSSemPost         os_sem.o
    0x08005c1a   0x00000044   Code   RO         7871    i.OSSemQuery        os_sem.o
    0x08005c5e   0x00000002   PAD
    0x08005c60   0x00000040   Code   RO         7437    i.OSStart           os_core.o
    0x08005ca0   0x00000034   Code   RO         7438    i.OSStatInit        os_core.o
    0x08005cd4   0x00000004   Code   RO         8068    i.OSTCBInitHook     os_cpu_c.o
    0x08005cd8   0x00000094   Code   RO         7920    i.OSTaskCreate      os_task.o
    0x08005d6c   0x000000b8   Code   RO         7921    i.OSTaskCreateExt   os_task.o
    0x08005e24   0x00000004   Code   RO         8069    i.OSTaskCreateHook  os_cpu_c.o
    0x08005e28   0x00000158   Code   RO         7922    i.OSTaskDel         os_task.o
    0x08005f80   0x00000004   Code   RO         8070    i.OSTaskDelHook     os_cpu_c.o
    0x08005f84   0x00000004   Code   RO         8071    i.OSTaskIdleHook    os_cpu_c.o
    0x08005f88   0x0000005c   Code   RO         7925    i.OSTaskNameSet     os_task.o
    0x08005fe4   0x00000004   Code   RO         8072    i.OSTaskReturnHook  os_cpu_c.o
    0x08005fe8   0x00000004   Code   RO         8073    i.OSTaskStatHook    os_cpu_c.o
    0x08005fec   0x00000084   Code   RO         7931    i.OSTaskStkChk      os_task.o
    0x08006070   0x000001c0   Code   RO         8074    i.OSTaskStkInit     os_cpu_c.o
    0x08006230   0x00000098   Code   RO         7932    i.OSTaskSuspend     os_task.o
    0x080062c8   0x00000038   Code   RO         8075    i.OSTaskSwHook      os_cpu_c.o
    0x08006300   0x0000006c   Code   RO         8021    i.OSTimeDly         os_time.o
    0x0800636c   0x00000060   Code   RO         8022    i.OSTimeDlyHMSM     os_time.o
    0x080063cc   0x00000018   Code   RO         8024    i.OSTimeGet         os_time.o
    0x080063e4   0x000000b4   Code   RO         7439    i.OSTimeTick        os_core.o
    0x08006498   0x00000004   Code   RO         8076    i.OSTimeTickHook    os_cpu_c.o
    0x0800649c   0x00000002   Code   RO         7441    i.OS_Dummy          os_core.o
    0x0800649e   0x00000002   PAD
    0x080064a0   0x0000009c   Code   RO         7442    i.OS_EventTaskRdy   os_core.o
    0x0800653c   0x00000024   Code   RO         7443    i.OS_EventTaskRemove  os_core.o
    0x08006560   0x00000036   Code   RO         7444    i.OS_EventTaskRemoveMulti  os_core.o
    0x08006596   0x00000002   PAD
    0x08006598   0x00000064   Code   RO         7445    i.OS_EventTaskWait  os_core.o
    0x080065fc   0x00000014   Code   RO         7447    i.OS_EventWaitListInit  os_core.o
    0x08006610   0x00000050   Code   RO         7614    i.OS_FlagInit       os_flag.o
    0x08006660   0x00000022   Code   RO         7616    i.OS_FlagUnlink     os_flag.o
    0x08006682   0x00000016   Code   RO         7448    i.OS_MemClr         os_core.o
    0x08006698   0x00000040   Code   RO         7803    i.OS_QInit          os_q.o
    0x080066d8   0x00000064   Code   RO         7450    i.OS_Sched          os_core.o
    0x0800673c   0x00000138   Code   RO         7452    i.OS_TCBInit        os_core.o
    0x08006874   0x0000001c   Code   RO         7453    i.OS_TaskIdle       os_core.o
    0x08006890   0x00000018   Code   RO         7933    i.OS_TaskReturn     os_task.o
    0x080068a8   0x000000a8   Code   RO         7454    i.OS_TaskStat       os_core.o
    0x08006950   0x0000004c   Code   RO         6279    i.SCCB_Ack          sccb.o
    0x0800699c   0x0000003c   Code   RO         6281    i.SCCB_Init         sccb.o
    0x080069d8   0x0000004c   Code   RO         6282    i.SCCB_No_Ack       sccb.o
    0x08006a24   0x00000068   Code   RO         6283    i.SCCB_RD_Byte      sccb.o
    0x08006a8c   0x00000040   Code   RO         6285    i.SCCB_Start        sccb.o
    0x08006acc   0x0000003c   Code   RO         6286    i.SCCB_Stop         sccb.o
    0x08006b08   0x000000a4   Code   RO         6287    i.SCCB_WR_Byte      sccb.o
    0x08006bac   0x000000a0   Code   RO         5623    i.SDRAM_Init        sdram.o
    0x08006c4c   0x00000040   Code   RO         5625    i.SDRAM_Send_Cmd    sdram.o
    0x08006c8c   0x00000002   Code   RO          466    i.SVC_Handler       stm32h7xx_it.o
    0x08006c8e   0x00000002   PAD
    0x08006c90   0x000000cc   Code   RO          668    i.Stm32_Clock_Init  sys.o
    0x08006d5c   0x00000024   Code   RO          605    i.SysTick_Handler   delay.o
    0x08006d80   0x00000090   Code   RO          531    i.SystemInit        system_stm32h7xx.o
    0x08006e10   0x00000034   Code   RO         6501    i.TIM4_IRQHandler   usmart.o
    0x08006e44   0x000000c4   Code   RO         2790    i.TIM_Base_SetConfig  stm32h7xx_hal_tim.o
    0x08006f08   0x000000da   Code   RO         2102    i.UART_AdvFeatureConfig  stm32h7xx_hal_uart.o
    0x08006fe2   0x00000060   Code   RO         2103    i.UART_CheckIdleState  stm32h7xx_hal_uart.o
    0x08007042   0x00000014   Code   RO         2104    i.UART_DMAAbortOnError  stm32h7xx_hal_uart.o
    0x08007056   0x00000080   Code   RO         2114    i.UART_Receive_IT   stm32h7xx_hal_uart.o
    0x080070d6   0x00000002   PAD
    0x080070d8   0x00000684   Code   RO         2115    i.UART_SetConfig    stm32h7xx_hal_uart.o
    0x0800775c   0x00000074   Code   RO         2116    i.UART_WaitOnFlagUntilTimeout  stm32h7xx_hal_uart.o
    0x080077d0   0x00000060   Code   RO          716    i.USART1_IRQHandler  usart.o
    0x08007830   0x00000002   Code   RO          467    i.UsageFault_Handler  stm32h7xx_it.o
    0x08007832   0x0000000e   Code   RO        10921    i._is_digit         c_w.l(__printf_wp.o)
    0x08007840   0x00000002   Code   RO          717    i._sys_exit         usart.o
    0x08007842   0x00000002   PAD
    0x08007844   0x0000001c   Code   RO         9863    i.arp_timer         timers.o
    0x08007860   0x0000004c   Code   RO         8361    i.camera_init       udp_demo.o
    0x080078ac   0x0000001c   Code   RO         6158    i.capcamera_task    mt9p031d.o
    0x080078c8   0x00000098   Code   RO         6159    i.cmos_init         mt9p031d.o
    0x08007960   0x0000003e   Code   RO         6160    i.cmos_rget         mt9p031d.o
    0x0800799e   0x00000044   Code   RO         6161    i.cmos_rset         mt9p031d.o
    0x080079e2   0x000000da   Code   RO         6162    i.cmos_set_Aoi      mt9p031d.o
    0x08007abc   0x00000070   Code   RO         6164    i.cmos_set_Shutter  mt9p031d.o
    0x08007b2c   0x00000038   Code   RO          606    i.delay_init        delay.o
    0x08007b64   0x00000074   Code   RO          607    i.delay_ms          delay.o
    0x08007bd8   0x0000003c   Code   RO          611    i.delay_us          delay.o
    0x08007c14   0x0000005e   Code   RO        10295    i.do_bind           api_msg.o
    0x08007c72   0x00000060   Code   RO        10296    i.do_close          api_msg.o
    0x08007cd2   0x00000002   PAD
    0x08007cd4   0x00000108   Code   RO        10297    i.do_close_internal  api_msg.o
    0x08007ddc   0x000000e0   Code   RO        10298    i.do_connect        api_msg.o
    0x08007ebc   0x000000b0   Code   RO        10299    i.do_connected      api_msg.o
    0x08007f6c   0x000000a0   Code   RO        10300    i.do_delconn        api_msg.o
    0x0800800c   0x00000078   Code   RO        10302    i.do_getaddr        api_msg.o
    0x08008084   0x000000c8   Code   RO        10304    i.do_newconn        api_msg.o
    0x0800814c   0x0000003e   Code   RO        10305    i.do_recv           api_msg.o
    0x0800818a   0x0000008a   Code   RO        10306    i.do_send           api_msg.o
    0x08008214   0x00000128   Code   RO        10308    i.do_writemore      api_msg.o
    0x0800833c   0x000000a6   Code   RO        10309    i.err_tcp           api_msg.o
    0x080083e2   0x00000002   PAD
    0x080083e4   0x00000104   Code   RO         8468    i.etharp_find_entry  etharp.o
    0x080084e8   0x0000003c   Code   RO         8469    i.etharp_free_entry  etharp.o
    0x08008524   0x0000017c   Code   RO         8470    i.etharp_output     etharp.o
    0x080086a0   0x0000005c   Code   RO         8471    i.etharp_output_to_arp_index  etharp.o
    0x080086fc   0x00000120   Code   RO         8472    i.etharp_query      etharp.o
    0x0800881c   0x000000a4   Code   RO         8473    i.etharp_request    etharp.o
    0x080088c0   0x00000044   Code   RO         8474    i.etharp_tmr        etharp.o
    0x08008904   0x000001e0   Code   RO         8475    i.ethernet_input    etharp.o
    0x08008ae4   0x00000138   Code   RO         8559    i.ethernetif_init   ethernetif.o
    0x08008c1c   0x000000cc   Code   RO         8560    i.ethernetif_input  ethernetif.o
    0x08008ce8   0x00000014   Code   RO          718    i.fputc             usart.o
    0x08008cfc   0x00000008   Code   RO         8649    i.icmp_dest_unreach  icmp.o
    0x08008d04   0x00000100   Code   RO         8650    i.icmp_input        icmp.o
    0x08008e04   0x0000006e   Code   RO         8651    i.icmp_send_response  icmp.o
    0x08008e72   0x00000008   Code   RO         8652    i.icmp_time_exceeded  icmp.o
    0x08008e7a   0x00000002   PAD
    0x08008e7c   0x00000360   Code   RO         6166    i.imgcamera_task    mt9p031d.o
    0x080091dc   0x0000000c   Code   RO         8732    i.inet_chksum       inet_chksum.o
    0x080091e8   0x000000a6   Code   RO         8733    i.inet_chksum_pbuf  inet_chksum.o
    0x0800928e   0x0000003c   Code   RO         8842    i.ip4_addr_isbroadcast  ip_addr.o
    0x080092ca   0x00000002   PAD
    0x080092cc   0x00000198   Code   RO         8914    i.ip_frag           ip_frag.o
    0x08009464   0x00000160   Code   RO         8779    i.ip_input          ip.o
    0x080095c4   0x00000084   Code   RO         8780    i.ip_output         ip.o
    0x08009648   0x000000b0   Code   RO         8781    i.ip_output_if      ip.o
    0x080096f8   0x000002c0   Code   RO         8915    i.ip_reass          ip_frag.o
    0x080099b8   0x000000e4   Code   RO         8916    i.ip_reass_remove_oldest_datagram  ip_frag.o
    0x08009a9c   0x0000001c   Code   RO         9864    i.ip_reass_timer    timers.o
    0x08009ab8   0x000000b4   Code   RO         8917    i.ip_reass_tmr      ip_frag.o
    0x08009b6c   0x00000048   Code   RO         8782    i.ip_route          ip.o
    0x08009bb4   0x0000001a   Code   RO         8918    i.ipfrag_free_pbuf_custom  ip_frag.o
    0x08009bce   0x00000002   PAD
    0x08009bd0   0x00000148   Code   RO            4    i.jpeg_data_process  main.o
    0x08009d18   0x000000b0   Code   RO         8362    i.jpeg_dcmi_rx_callback  udp_demo.o
    0x08009dc8   0x000000ac   Code   RO         8561    i.low_level_output  ethernetif.o
    0x08009e74   0x00000064   Code   RO         8242    i.lwip_comm_default_ip_set  lwip_comm.o
    0x08009ed8   0x000000d8   Code   RO         8243    i.lwip_comm_init    lwip_comm.o
    0x08009fb0   0x00000004   Code   RO         8962    i.lwip_htonl        def.o
    0x08009fb4   0x00000004   Code   RO         8963    i.lwip_htons        def.o
    0x08009fb8   0x00000026   Code   RO         9039    i.lwip_init         init.o
    0x08009fde   0x00000004   Code   RO         8964    i.lwip_ntohl        def.o
    0x08009fe2   0x00000004   Code   RO         8965    i.lwip_ntohs        def.o
    0x08009fe6   0x00000002   PAD
    0x08009fe8   0x0000000c   Code   RO         8246    i.lwip_pkt_handle   lwip_comm.o
    0x08009ff4   0x00000002   Code   RO        10608    i.lwip_socket_init  sockets.o
    0x08009ff6   0x0000005a   Code   RO         8736    i.lwip_standard_chksum  inet_chksum.o
    0x0800a050   0x000000ec   Code   RO            5    i.main              main.o
    0x0800a13c   0x000000a0   Code   RO         9079    i.mem_free          mem.o
    0x0800a1dc   0x0000003c   Code   RO         9080    i.mem_init          mem.o
    0x0800a218   0x000000dc   Code   RO         9081    i.mem_malloc        mem.o
    0x0800a2f4   0x000000f4   Code   RO         9082    i.mem_trim          mem.o
    0x0800a3e8   0x00000028   Code   RO         9130    i.memp_free         memp.o
    0x0800a410   0x00000064   Code   RO         9132    i.memp_init         memp.o
    0x0800a474   0x0000002c   Code   RO         9133    i.memp_malloc       memp.o
    0x0800a4a0   0x0000003c   Code   RO         6420    i.my_mem_init       malloc.o
    0x0800a4dc   0x00000094   Code   RO         6421    i.my_mem_malloc     malloc.o
    0x0800a570   0x00000044   Code   RO         6422    i.my_mem_perused    malloc.o
    0x0800a5b4   0x00000070   Code   RO         6423    i.myfree            malloc.o
    0x0800a624   0x00000024   Code   RO         6424    i.mymalloc          malloc.o
    0x0800a648   0x00000014   Code   RO         6425    i.mymemcpy          malloc.o
    0x0800a65c   0x0000002c   Code   RO        10471    i.netbuf_alloc      netbuf.o
    0x0800a688   0x00000024   Code   RO        10474    i.netbuf_delete     netbuf.o
    0x0800a6ac   0x0000001a   Code   RO        10477    i.netbuf_new        netbuf.o
    0x0800a6c6   0x0000008e   Code   RO        10310    i.netconn_alloc     api_msg.o
    0x0800a754   0x00000044   Code   RO        10157    i.netconn_bind      api_lib.o
    0x0800a798   0x00000044   Code   RO        10158    i.netconn_close     api_lib.o
    0x0800a7dc   0x00000044   Code   RO        10159    i.netconn_connect   api_lib.o
    0x0800a820   0x00000028   Code   RO        10160    i.netconn_delete    api_lib.o
    0x0800a848   0x000000e0   Code   RO        10311    i.netconn_drain     api_msg.o
    0x0800a928   0x0000002e   Code   RO        10312    i.netconn_free      api_msg.o
    0x0800a956   0x00000002   PAD
    0x0800a958   0x00000048   Code   RO        10162    i.netconn_getaddr   api_lib.o
    0x0800a9a0   0x00000064   Code   RO        10164    i.netconn_new_with_proto_and_callback  api_lib.o
    0x0800aa04   0x00000096   Code   RO        10165    i.netconn_recv      api_lib.o
    0x0800aa9a   0x00000002   PAD
    0x0800aa9c   0x000000fc   Code   RO        10166    i.netconn_recv_data  api_lib.o
    0x0800ab98   0x00000040   Code   RO        10169    i.netconn_send      api_lib.o
    0x0800abd8   0x0000006c   Code   RO         9192    i.netif_add         netif.o
    0x0800ac44   0x00000002   Code   RO         9194    i.netif_init        netif.o
    0x0800ac46   0x00000002   PAD
    0x0800ac48   0x0000000c   Code   RO         9197    i.netif_set_default  netif.o
    0x0800ac54   0x00000068   Code   RO         9200    i.netif_set_ipaddr  netif.o
    0x0800acbc   0x00000026   Code   RO         9202    i.netif_set_link_up  netif.o
    0x0800ace2   0x00000026   Code   RO         9204    i.netif_set_up      netif.o
    0x0800ad08   0x00000080   Code   RO         8363    i.netmem_free       udp_demo.o
    0x0800ad88   0x000000cc   Code   RO         8364    i.netmem_malloc     udp_demo.o
    0x0800ae54   0x00000126   Code   RO         9293    i.pbuf_alloc        pbuf.o
    0x0800af7a   0x0000005c   Code   RO         9294    i.pbuf_alloced_custom  pbuf.o
    0x0800afd6   0x00000028   Code   RO         9295    i.pbuf_cat          pbuf.o
    0x0800affe   0x00000042   Code   RO         9296    i.pbuf_chain        pbuf.o
    0x0800b040   0x00000012   Code   RO         9297    i.pbuf_clen         pbuf.o
    0x0800b052   0x0000009a   Code   RO         9299    i.pbuf_copy         pbuf.o
    0x0800b0ec   0x00000070   Code   RO         9300    i.pbuf_copy_partial  pbuf.o
    0x0800b15c   0x00000060   Code   RO         9302    i.pbuf_free         pbuf.o
    0x0800b1bc   0x00000016   Code   RO         8562    i.pbuf_free_custom  ethernetif.o
    0x0800b1d2   0x00000070   Code   RO         9304    i.pbuf_header       pbuf.o
    0x0800b242   0x00000058   Code   RO         9307    i.pbuf_realloc      pbuf.o
    0x0800b29a   0x0000001c   Code   RO         9308    i.pbuf_ref          pbuf.o
    0x0800b2b6   0x0000005a   Code   RO        10313    i.poll_tcp          api_msg.o
    0x0800b310   0x0000000c   Code   RO         9414    i.raw_bind          raw.o
    0x0800b31c   0x0000000c   Code   RO         9415    i.raw_connect       raw.o
    0x0800b328   0x0000007c   Code   RO         9416    i.raw_input         raw.o
    0x0800b3a4   0x00000034   Code   RO         9417    i.raw_new           raw.o
    0x0800b3d8   0x00000006   Code   RO         9418    i.raw_recv          raw.o
    0x0800b3de   0x00000002   PAD
    0x0800b3e0   0x00000030   Code   RO         9419    i.raw_remove        raw.o
    0x0800b410   0x00000006   Code   RO         9420    i.raw_send          raw.o
    0x0800b416   0x00000092   Code   RO         9421    i.raw_sendto        raw.o
    0x0800b4a8   0x00000004   Code   RO         6503    i.read_addr         usmart.o
    0x0800b4ac   0x0000007c   Code   RO        10314    i.recv_raw          api_msg.o
    0x0800b528   0x00000078   Code   RO        10315    i.recv_tcp          api_msg.o
    0x0800b5a0   0x00000070   Code   RO        10316    i.recv_udp          api_msg.o
    0x0800b610   0x0000005a   Code   RO        10317    i.sent_tcp          api_msg.o
    0x0800b66a   0x00000002   PAD
    0x0800b66c   0x0000006c   Code   RO            7    i.start_task        main.o
    0x0800b6d8   0x00000078   Code   RO        10018    i.sys_arch_mbox_fetch  sys_arch.o
    0x0800b750   0x00000006   Code   RO        10019    i.sys_arch_mbox_tryfetch  sys_arch.o
    0x0800b756   0x0000005e   Code   RO        10020    i.sys_arch_sem_wait  sys_arch.o
    0x0800b7b4   0x00000002   Code   RO        10021    i.sys_init          sys_arch.o
    0x0800b7b6   0x0000000e   Code   RO        10022    i.sys_mbox_free     sys_arch.o
    0x0800b7c4   0x00000020   Code   RO        10023    i.sys_mbox_new      sys_arch.o
    0x0800b7e4   0x0000001c   Code   RO        10024    i.sys_mbox_post     sys_arch.o
    0x0800b800   0x00000002   Code   RO        10025    i.sys_mbox_set_invalid  sys_arch.o
    0x0800b802   0x00000002   PAD
    0x0800b804   0x0000001c   Code   RO        10026    i.sys_mbox_trypost  sys_arch.o
    0x0800b820   0x0000003a   Code   RO        10027    i.sys_mbox_valid    sys_arch.o
    0x0800b85a   0x00000014   Code   RO        10030    i.sys_sem_free      sys_arch.o
    0x0800b86e   0x00000002   PAD
    0x0800b870   0x00000030   Code   RO        10031    i.sys_sem_new       sys_arch.o
    0x0800b8a0   0x00000006   Code   RO        10032    i.sys_sem_set_invalid  sys_arch.o
    0x0800b8a6   0x00000006   Code   RO        10033    i.sys_sem_signal    sys_arch.o
    0x0800b8ac   0x0000001c   Code   RO        10034    i.sys_sem_valid     sys_arch.o
    0x0800b8c8   0x00000050   Code   RO        10035    i.sys_thread_new    sys_arch.o
    0x0800b918   0x0000006c   Code   RO         9865    i.sys_timeout       timers.o
    0x0800b984   0x00000028   Code   RO         9866    i.sys_timeouts_init  timers.o
    0x0800b9ac   0x00000064   Code   RO         9867    i.sys_timeouts_mbox_fetch  timers.o
    0x0800ba10   0x00000050   Code   RO         9868    i.sys_untimeout     timers.o
    0x0800ba60   0x0000009c   Code   RO         9500    i.tcp_abandon       tcp.o
    0x0800bafc   0x00000006   Code   RO         9501    i.tcp_abort         tcp.o
    0x0800bb02   0x00000004   Code   RO         9502    i.tcp_accept        tcp.o
    0x0800bb06   0x00000002   PAD
    0x0800bb08   0x0000010c   Code   RO         9504    i.tcp_alloc         tcp.o
    0x0800bc14   0x00000004   Code   RO         9505    i.tcp_arg           tcp.o
    0x0800bc18   0x00000094   Code   RO         9506    i.tcp_bind          tcp.o
    0x0800bcac   0x00000014   Code   RO         9507    i.tcp_close         tcp.o
    0x0800bcc0   0x0000015c   Code   RO         9508    i.tcp_close_shutdown  tcp.o
    0x0800be1c   0x00000130   Code   RO         9509    i.tcp_connect       tcp.o
    0x0800bf4c   0x0000009e   Code   RO         9770    i.tcp_create_segment  tcp_out.o
    0x0800bfea   0x00000026   Code   RO         9511    i.tcp_eff_send_mss  tcp.o
    0x0800c010   0x000000b8   Code   RO         9771    i.tcp_enqueue_flags  tcp_out.o
    0x0800c0c8   0x00000006   Code   RO         9512    i.tcp_err           tcp.o
    0x0800c0ce   0x00000002   PAD
    0x0800c0d0   0x000000cc   Code   RO         9513    i.tcp_fasttmr       tcp.o
    0x0800c19c   0x00000002   Code   RO         9514    i.tcp_init          tcp.o
    0x0800c19e   0x00000002   PAD
    0x0800c1a0   0x000004ac   Code   RO         9720    i.tcp_input         tcp_in.o
    0x0800c64c   0x00000042   Code   RO         9772    i.tcp_keepalive     tcp_out.o
    0x0800c68e   0x00000006   Code   RO         9516    i.tcp_new           tcp.o
    0x0800c694   0x00000060   Code   RO         9517    i.tcp_new_port      tcp.o
    0x0800c6f4   0x00000298   Code   RO         9773    i.tcp_output        tcp_out.o
    0x0800c98c   0x0000006a   Code   RO         9774    i.tcp_output_alloc_header  tcp_out.o
    0x0800c9f6   0x00000002   PAD
    0x0800c9f8   0x00000094   Code   RO         9721    i.tcp_parseopt      tcp_in.o
    0x0800ca8c   0x0000003a   Code   RO         9519    i.tcp_pcb_purge     tcp.o
    0x0800cac6   0x00000002   PAD
    0x0800cac8   0x0000005c   Code   RO         9520    i.tcp_pcb_remove    tcp.o
    0x0800cb24   0x0000000a   Code   RO         9521    i.tcp_poll          tcp.o
    0x0800cb2e   0x00000002   PAD
    0x0800cb30   0x000003ec   Code   RO         9722    i.tcp_process       tcp_in.o
    0x0800cf1c   0x0000008e   Code   RO         9522    i.tcp_process_refused_data  tcp.o
    0x0800cfaa   0x00000002   PAD
    0x0800cfac   0x00000444   Code   RO         9723    i.tcp_receive       tcp_in.o
    0x0800d3f0   0x00000004   Code   RO         9523    i.tcp_recv          tcp.o
    0x0800d3f4   0x00000034   Code   RO         9524    i.tcp_recv_null     tcp.o
    0x0800d428   0x00000068   Code   RO         9525    i.tcp_recved        tcp.o
    0x0800d490   0x00000058   Code   RO         9775    i.tcp_rexmit        tcp_out.o
    0x0800d4e8   0x0000005c   Code   RO         9776    i.tcp_rexmit_fast   tcp_out.o
    0x0800d544   0x0000002e   Code   RO         9777    i.tcp_rexmit_rto    tcp_out.o
    0x0800d572   0x0000007c   Code   RO         9778    i.tcp_rst           tcp_out.o
    0x0800d5ee   0x00000020   Code   RO         9526    i.tcp_seg_free      tcp.o
    0x0800d60e   0x00000026   Code   RO         9527    i.tcp_segs_free     tcp.o
    0x0800d634   0x0000004e   Code   RO         9779    i.tcp_send_empty_ack  tcp_out.o
    0x0800d682   0x00000048   Code   RO         9780    i.tcp_send_fin      tcp_out.o
    0x0800d6ca   0x00000004   Code   RO         9528    i.tcp_sent          tcp.o
    0x0800d6ce   0x00000052   Code   RO         9530    i.tcp_shutdown      tcp.o
    0x0800d720   0x000002e0   Code   RO         9531    i.tcp_slowtmr       tcp.o
    0x0800da00   0x00000038   Code   RO         9869    i.tcp_timer_needed  timers.o
    0x0800da38   0x00000024   Code   RO         9532    i.tcp_tmr           tcp.o
    0x0800da5c   0x0000003c   Code   RO         9533    i.tcp_update_rcv_ann_wnd  tcp.o
    0x0800da98   0x00000432   Code   RO         9781    i.tcp_write         tcp_out.o
    0x0800deca   0x0000009e   Code   RO         9782    i.tcp_zero_window_probe  tcp_out.o
    0x0800df68   0x00000044   Code   RO        10768    i.tcpip_apimsg      tcpip.o
    0x0800dfac   0x00000048   Code   RO        10772    i.tcpip_init        tcpip.o
    0x0800dff4   0x00000050   Code   RO        10773    i.tcpip_input       tcpip.o
    0x0800e044   0x00000038   Code   RO         9870    i.tcpip_tcp_timer   timers.o
    0x0800e07c   0x00000098   Code   RO        10774    i.tcpip_thread      tcpip.o
    0x0800e114   0x00000038   Code   RO          719    i.uart_init         usart.o
    0x0800e14c   0x000000ac   Code   RO         9928    i.udp_bind          udp.o
    0x0800e1f8   0x00000050   Code   RO         9929    i.udp_connect       udp.o
    0x0800e248   0x00000410   Code   RO         8369    i.udp_dataprocess_task  udp_demo.o
    0x0800e658   0x00000028   Code   RO         8370    i.udp_demo_init     udp_demo.o
    0x0800e680   0x00000002   Code   RO         9931    i.udp_init          udp.o
    0x0800e682   0x00000002   PAD
    0x0800e684   0x00000158   Code   RO         9932    i.udp_input         udp.o
    0x0800e7dc   0x00000026   Code   RO         9933    i.udp_new           udp.o
    0x0800e802   0x00000006   Code   RO         9934    i.udp_recv          udp.o
    0x0800e808   0x00000030   Code   RO         9935    i.udp_remove        udp.o
    0x0800e838   0x0000002e   Code   RO         9936    i.udp_send          udp.o
    0x0800e866   0x00000002   PAD
    0x0800e868   0x00000098   Code   RO         8371    i.udp_send_task     udp_demo.o
    0x0800e900   0x0000002a   Code   RO         9937    i.udp_sendto        udp.o
    0x0800e92a   0x000000d2   Code   RO         9938    i.udp_sendto_if     udp.o
    0x0800e9fc   0x0000013c   Code   RO         8372    i.udp_thread        udp_demo.o
    0x0800eb38   0x000000b0   Code   RO         6504    i.usmart_cmd_rec    usmart.o
    0x0800ebe8   0x000002b8   Code   RO         6505    i.usmart_exe        usmart.o
    0x0800eea0   0x000000b0   Code   RO         6614    i.usmart_get_aparm  usmart_str.o
    0x0800ef50   0x00000048   Code   RO         6615    i.usmart_get_cmdname  usmart_str.o
    0x0800ef98   0x000001b4   Code   RO         6616    i.usmart_get_fname  usmart_str.o
    0x0800f14c   0x0000012c   Code   RO         6617    i.usmart_get_fparam  usmart_str.o
    0x0800f278   0x00000028   Code   RO         6618    i.usmart_get_parmpos  usmart_str.o
    0x0800f2a0   0x0000006c   Code   RO         6507    i.usmart_init       usmart.o
    0x0800f30c   0x000000ac   Code   RO         6509    i.usmart_scan       usmart.o
    0x0800f3b8   0x000000fe   Code   RO         6621    i.usmart_str2num    usmart_str.o
    0x0800f4b6   0x0000001a   Code   RO         6622    i.usmart_strcmp     usmart_str.o
    0x0800f4d0   0x00000698   Code   RO         6510    i.usmart_sys_cmd_exe  usmart.o
    0x0800fb68   0x00000004   Code   RO         6511    i.write_addr        usmart.o
    0x0800fb6c   0x0000000a   Code   RO        11066    x$fpl$fpinit        fz_wv.l(fpinit.o)
    0x0800fb76   0x00000010   Data   RO          532    .constdata          system_stm32h7xx.o
    0x0800fb86   0x00000008   Data   RO         1214    .constdata          stm32h7xx_hal_dma.o
    0x0800fb8e   0x00000018   Data   RO         2117    .constdata          stm32h7xx_hal_uart.o
    0x0800fba6   0x00000002   PAD
    0x0800fba8   0x00000024   Data   RO         6434    .constdata          malloc.o
    0x0800fbcc   0x00000100   Data   RO         7459    .constdata          os_core.o
    0x0800fccc   0x0000000c   Data   RO         8477    .constdata          etharp.o
    0x0800fcd8   0x00000004   Data   RO         8849    .constdata          ip_addr.o
    0x0800fcdc   0x00000038   Data   RO         9135    .constdata          memp.o
    0x0800fd14   0x00000054   Data   RO         9534    .constdata          tcp.o
    0x0800fd68   0x00000004   Data   RO        10036    .constdata          sys_arch.o
    0x0800fd6c   0x00000028   Data   RO        10894    .constdata          c_w.l(_printf_hex_int.o)
    0x0800fd94   0x00000011   Data   RO        10929    .constdata          c_w.l(__printf_flags_ss_wp.o)
    0x0800fda5   0x00000003   PAD
    0x0800fda8   0x00000028   Data   RO         6513    .conststring        usmart.o
    0x0800fdd0   0x0000006b   Data   RO         6588    .conststring        usmart_config.o
    0x0800fe3b   0x00000001   PAD
    0x0800fe3c   0x00000075   Data   RO         9535    .conststring        tcp.o
    0x0800feb1   0x00000003   PAD
    0x0800feb4   0x00000020   Data   RO        11141    Region$$Table       anon$$obj.o


    Execution Region RW_IRAM1 (Base: 0x20000000, Size: 0x0000ff00, Max: 0x00020000, ABSOLUTE)

    Base Addr    Size         Type   Attr      Idx    E Section Name        Object

    0x20000000   0x0000f000   Zero   RW         6428    .ARM.__AT_0x20000000  malloc.o
    0x2000f000   0x00000f00   Zero   RW         6429    .ARM.__AT_0x2000F000  malloc.o


    Execution Region RW_IRAM2 (Base: 0x24000000, Size: 0x0003a980, Max: 0x00080000, ABSOLUTE, COMPRESSED[0x000000a0])

    Base Addr    Size         Type   Attr      Idx    E Section Name        Object

    0x24000000   0x00000004   Data   RW          533    .data               system_stm32h7xx.o
    0x24000004   0x00000004   Data   RW          534    .data               system_stm32h7xx.o
    0x24000008   0x00000008   Data   RW          612    .data               delay.o
    0x24000010   0x00000004   Data   RW          721    .data               usart.o
    0x24000014   0x00000004   Data   RW          722    .data               usart.o
    0x24000018   0x00000004   Data   RW          826    .data               stm32h7xx_hal.o
    0x2400001c   0x00000008   Data   RW         5431    .data               lcd.o
    0x24000024   0x00000008   Data   RW         5697    .data               ltdc.o
    0x2400002c   0x00000008   Data   RW         6082    .data               dcmi.o
    0x24000034   0x00000004   Data   RW         6170    .data               mt9p031d.o
    0x24000038   0x00000008   Data   RW         6171    .data               mt9p031d.o
    0x24000040   0x00000024   Data   RW         6435    .data               malloc.o
    0x24000064   0x0000001c   Data   RW         6514    .data               usmart.o
    0x24000080   0x00000020   Data   RW         6589    .data               usmart_config.o
    0x240000a0   0x000000f4   Data   RW         6590    .data               usmart_config.o
    0x24000194   0x0000003c   Data   RW         7460    .data               os_core.o
    0x240001d0   0x00000004   Data   RW         7461    .data               os_core.o
    0x240001d4   0x00000004   Data   RW         7462    .data               os_core.o
    0x240001d8   0x00000004   Data   RW         8080    .data               os_cpu_c.o
    0x240001dc   0x00000008   Data   RW         8248    .data               lwip_comm.o
    0x240001e4   0x0000003c   Data   RW         8376    .data               udp_demo.o
    0x24000220   0x00000017   Data   RW         8377    .data               udp_demo.o
    0x24000237   0x00000001   Data   RW         8478    .data               etharp.o
    0x24000238   0x00000004   Data   RW         8564    .data               ethernetif.o
    0x2400023c   0x00000014   Data   RW         8783    .data               ip.o
    0x24000250   0x00000008   Data   RW         8919    .data               ip_frag.o
    0x24000258   0x00000010   Data   RW         9084    .data               mem.o
    0x24000268   0x0000000c   Data   RW         9205    .data               netif.o
    0x24000274   0x00000004   Data   RW         9422    .data               raw.o
    0x24000278   0x00000024   Data   RW         9536    .data               tcp.o
    0x2400029c   0x0000001c   Data   RW         9725    .data               tcp_in.o
    0x240002b8   0x00000008   Data   RW         9871    .data               timers.o
    0x240002c0   0x00000008   Data   RW         9939    .data               udp.o
    0x240002c8   0x00000008   Data   RW        10779    .data               tcpip.o
    0x240002d0   0x00000200   Zero   RW            8    .bss                main.o
    0x240004d0   0x00000148   Zero   RW          720    .bss                usart.o
    0x24000618   0x0000005a   Zero   RW         5429    .bss                lcd.o
    0x24000672   0x00000002   PAD
    0x24000674   0x00000034   Zero   RW         5626    .bss                sdram.o
    0x240006a8   0x000000c8   Zero   RW         5695    .bss                ltdc.o
    0x24000770   0x00000068   Zero   RW         5921    .bss                lan8720.o
    0x240007d8   0x000000c8   Zero   RW         6081    .bss                dcmi.o
    0x240008a0   0x00001770   Zero   RW         6168    .bss                mt9p031d.o
    0x24002010   0x00001770   Zero   RW         6169    .bss                mt9p031d.o
    0x24003780   0x00028000   Zero   RW         6432    .bss                malloc.o
    0x2402b780   0x00002800   Zero   RW         6433    .bss                malloc.o
    0x2402df80   0x00000040   Zero   RW         6512    .bss                usmart.o
    0x2402dfc0   0x00000f60   Zero   RW         7456    .bss                os_core.o
    0x2402ef20   0x00000050   Zero   RW         7457    .bss                os_core.o
    0x2402ef70   0x000000f0   Zero   RW         7458    .bss                os_core.o
    0x2402f060   0x00000200   Zero   RW         8079    .bss                os_cpu_c.o
    0x2402f260   0x00000048   Zero   RW         8247    .bss                lwip_comm.o
    0x2402f2a8   0x0000069c   Zero   RW         8373    .bss                udp_demo.o
    0x2402f944   0x00001770   Zero   RW         8374    .bss                udp_demo.o
    0x240310b4   0x00001770   Zero   RW         8375    .bss                udp_demo.o
    0x24032824   0x000000c8   Zero   RW         8476    .bss                etharp.o
    0x240328ec   0x00000084   Zero   RW         8563    .bss                ethernetif.o
    0x24032970   0x00003e94   Zero   RW         9083    .bss                mem.o
    0x24036804   0x00003aaf   Zero   RW         9134    .bss                memp.o
    0x2403a2b3   0x00000001   PAD
    0x2403a2b4   0x00000014   Zero   RW         9724    .bss                tcp_in.o
    0x2403a2c8   0x00000054   Zero   RW        10778    .bss                tcpip.o
    0x2403a31c   0x00000060   Zero   RW        10980    .bss                c_w.l(libspace.o)
    0x2403a37c   0x00000004   PAD
    0x2403a380   0x00000200   Zero   RW          596    HEAP                startup_stm32h743xx.o
    0x2403a580   0x00000400   Zero   RW          595    STACK               startup_stm32h743xx.o



  Load Region LR$$.ARM.__AT_0x30040000 (Base: 0x30040000, Size: 0x00000000, Max: 0x00000060, ABSOLUTE)

    Execution Region ER$$.ARM.__AT_0x30040000 (Base: 0x30040000, Size: 0x00000060, Max: 0x00000060, ABSOLUTE, UNINIT)

    Base Addr    Size         Type   Attr      Idx    E Section Name        Object

    0x30040000   0x00000060   Zero   RW         5918    .ARM.__AT_0x30040000  lan8720.o



  Load Region LR$$.ARM.__AT_0x30040060 (Base: 0x30040060, Size: 0x00000000, Max: 0x00000060, ABSOLUTE)

    Execution Region ER$$.ARM.__AT_0x30040060 (Base: 0x30040060, Size: 0x00000060, Max: 0x00000060, ABSOLUTE, UNINIT)

    Base Addr    Size         Type   Attr      Idx    E Section Name        Object

    0x30040060   0x00000060   Zero   RW         5919    .ARM.__AT_0x30040060  lan8720.o



  Load Region LR$$.ARM.__AT_0x30040200 (Base: 0x30040200, Size: 0x00000000, Max: 0x000017e0, ABSOLUTE)

    Execution Region ER$$.ARM.__AT_0x30040200 (Base: 0x30040200, Size: 0x000017e0, Max: 0x000017e0, ABSOLUTE, UNINIT)

    Base Addr    Size         Type   Attr      Idx    E Section Name        Object

    0x30040200   0x000017e0   Zero   RW         5920    .ARM.__AT_0x30040200  lan8720.o



  Load Region LR$$.ARM.__AT_0xC0000000 (Base: 0xc0000000, Size: 0x00000000, Max: 0x001f4000, ABSOLUTE)

    Execution Region ER$$.ARM.__AT_0xC0000000 (Base: 0xc0000000, Size: 0x001f4000, Max: 0x001f4000, ABSOLUTE, UNINIT)

    Base Addr    Size         Type   Attr      Idx    E Section Name        Object

    0xc0000000   0x001f4000   Zero   RW         5694    .ARM.__AT_0xC0000000  ltdc.o



  Load Region LR$$.ARM.__AT_0xC01F4000 (Base: 0xc01f4000, Size: 0x00000000, Max: 0x01c3c000, ABSOLUTE)

    Execution Region ER$$.ARM.__AT_0xC01F4000 (Base: 0xc01f4000, Size: 0x01c3c000, Max: 0x01c3c000, ABSOLUTE, UNINIT)

    Base Addr    Size         Type   Attr      Idx    E Section Name        Object

    0xc01f4000   0x01c3c000   Zero   RW         6430    .ARM.__AT_0xC01F4000  malloc.o



  Load Region LR$$.ARM.__AT_0xC1E30000 (Base: 0xc1e30000, Size: 0x00000000, Max: 0x001c3c00, ABSOLUTE)

    Execution Region ER$$.ARM.__AT_0xC1E30000 (Base: 0xc1e30000, Size: 0x001c3c00, Max: 0x001c3c00, ABSOLUTE, UNINIT)

    Base Addr    Size         Type   Attr      Idx    E Section Name        Object

    0xc1e30000   0x001c3c00   Zero   RW         6431    .ARM.__AT_0xC1E30000  malloc.o


==============================================================================

Image component sizes


      Code (inc. data)   RO Data    RW Data    ZI Data      Debug   Object Name

       338          0          0          0          0       3915   24cxx.o
       882         44          0          0          0      17971   api_lib.o
      2944         82          0          0          0      17262   api_msg.o
        18          0          0          0          0       3996   app_hooks.o
       832        150          0          8        200       5351   dcmi.o
        16          0          0          0          0       2550   def.o
       268         26          0          8          0       3527   delay.o
      1792         62         12          1        200      12445   etharp.o
       710         72          0          4        132       7179   ethernetif.o
       382          8          0          0          0       3766   icmp.o
       268          0          0          0          0       3329   inet_chksum.o
        38          0          0          0          0        540   init.o
       732         34          0         20          0       8351   ip.o
        60          0          4          0          0       7042   ip_addr.o
      1546         16          0          8          0       8860   ip_frag.o
       128         16          0          0          0        971   key.o
      1080        202          0          0       6408       6710   lan8720.o
       840         30          0          8         90      13509   lcd.o
       164         14          0          0          0        991   led.o
       184         18          0          8    2048200       3413   ltdc.o
       328         38          0          8         72      21740   lwip_comm.o
       672        110          0          0        512    1305349   main.o
       444         52         36         36   31695616       6343   malloc.o
       684         38          0         16      16020       5041   mem.o
       184         22         56          0      15023       3734   memp.o
       290         66          0          0          0      36520   mpu.o
      1776         50          0         12      12000      15253   mt9p031d.o
       780         36          0          0          0       4226   myiic.o
       106          0          0          0          0       2348   netbuf.o
       302         22          0         12          0       6717   netif.o
      2014        210        256         68       4256      23682   os_core.o
       220         36          0          0          0        412   os_cpu_a.o
       574        132          0          4        512      15799   os_cpu_c.o
       114         14          0          0          0       1702   os_flag.o
       878         56          0          0          0       5879   os_q.o
       626         38          0          0          0       4690   os_sem.o
      1076        114          0          0          0       7264   os_task.o
       228         34          0          0          0       2424   os_time.o
      1100          0          0          0          0      10728   pbuf.o
       406         26          0          4          0       6231   raw.o
       604         32          0          0          0       4893   sccb.o
       492         48          0          0         52       3064   sdram.o
         2          0          0          0          0        487   sockets.o
       104         34        664          0       1536        840   startup_stm32h743xx.o
       146         34          0          4          0       5000   stm32h7xx_hal.o
       316         22          0          0          0      39396   stm32h7xx_hal_cortex.o
       402         12          0          0          0       4614   stm32h7xx_hal_dcmi.o
      1438        106          8          0          0       6987   stm32h7xx_hal_dma.o
       180          6          0          0          0       1869   stm32h7xx_hal_dma_ex.o
      4034        100          0          0          0      18904   stm32h7xx_hal_eth.o
       584          4          0          0          0       3940   stm32h7xx_hal_gpio.o
         2          0          0          0          0        442   stm32h7xx_hal_msp.o
      2516        154          0          0          0       6856   stm32h7xx_hal_rcc.o
       816         94          0          0          0       3683   stm32h7xx_hal_rcc_ex.o
       162          4          0          0          0       2760   stm32h7xx_hal_sdram.o
       276         32          0          0          0       4652   stm32h7xx_hal_tim.o
      3138         82         24          0          0      32616   stm32h7xx_hal_uart.o
         2          0          0          0          0       1024   stm32h7xx_hal_uart_ex.o
        12          0          0          0          0       2639   stm32h7xx_it.o
       288          0          0          0          0       3552   stm32h7xx_ll_fmc.o
       364         36          0          0          0      36905   sys.o
       572         48          4          0          0      11411   sys_arch.o
       144         38         16          8          0       1162   system_stm32h7xx.o
      3060        104        201         36          0      33419   tcp.o
      3440        104          0         28         20      16219   tcp_in.o
      2910          8          0          0          0      16617   tcp_out.o
       372         56          0          8         84       9050   tcpip.o
       496         70          0          8          0       6163   timers.o
       988         32          0          8          0      10633   udp.o
      2872        144          0         83      13692      20309   udp_demo.o
       430         48          0          8        328       5757   usart.o
      2900       1342         40         28         64       7219   usmart.o
         0          0        107        276          0       1488   usmart_config.o
      1304         18          0          0          0       9043   usmart_str.o

    ----------------------------------------------------------------------
     61478       4680       1466        720   33815020    1951373   Object Totals
         0          0         32          0          0          0   (incl. Generated)
        88          0          6          0          3          0   (incl. Padding)

    ----------------------------------------------------------------------

      Code (inc. data)   RO Data    RW Data    ZI Data      Debug   Library Member Name

        90          0          0          0          0          0   __dczerorl2.o
         8          0          0          0          0         68   __main.o
       392          4         17          0          0         92   __printf_flags_ss_wp.o
        14          0          0          0          0         68   __printf_wp.o
         0          0          0          0          0          0   __rtentry.o
        12          0          0          0          0          0   __rtentry2.o
         6          0          0          0          0          0   __rtentry4.o
        52          8          0          0          0          0   __scatter.o
        28          0          0          0          0          0   __scatter_zi.o
         6          0          0          0          0          0   _printf_c.o
        44          0          0          0          0        108   _printf_char.o
        48          6          0          0          0         96   _printf_char_common.o
        36          4          0          0          0         80   _printf_char_file.o
         6          0          0          0          0          0   _printf_d.o
       120         16          0          0          0         92   _printf_dec.o
        88          4         40          0          0         88   _printf_hex_int.o
       178          0          0          0          0         88   _printf_intcommon.o
        78          0          0          0          0        108   _printf_pad.o
         0          0          0          0          0          0   _printf_percent.o
         4          0          0          0          0          0   _printf_percent_end.o
         6          0          0          0          0          0   _printf_s.o
        82          0          0          0          0         80   _printf_str.o
         6          0          0          0          0          0   _printf_u.o
         6          0          0          0          0          0   _printf_x.o
        18          0          0          0          0         80   exit.o
         8          0          0          0          0         68   ferror.o
         6          0          0          0          0        152   heapauxi.o
         2          0          0          0          0          0   libinit.o
         6          0          0          0          0          0   libinit2.o
         2          0          0          0          0          0   libshutdown.o
         2          0          0          0          0          0   libshutdown2.o
         8          4          0          0         96         68   libspace.o
       238          0          0          0          0        100   lludivv7m.o
        88          0          0          0          0         76   memcmp.o
        24          4          0          0          0         84   noretval__2printf.o
        78          0          0          0          0         80   rt_memclr_w.o
       138          0          0          0          0         68   rt_memcpy_v6.o
       100          0          0          0          0         80   rt_memcpy_w.o
         2          0          0          0          0          0   rtexit.o
        10          0          0          0          0          0   rtexit2.o
       104          0          0          0          0         68   strcmpv7m_pel.o
        74          0          0          0          0         80   sys_stackheap_outer.o
        10          0          0          0          0        116   fpinit.o

    ----------------------------------------------------------------------
      2232         50         60          0        100       2088   Library Totals
         4          0          3          0          4          0   (incl. Padding)

    ----------------------------------------------------------------------

      Code (inc. data)   RO Data    RW Data    ZI Data      Debug   Library Name

      2218         50         57          0         96       1972   c_w.l
        10          0          0          0          0        116   fz_wv.l

    ----------------------------------------------------------------------
      2232         50         60          0        100       2088   Library Totals

    ----------------------------------------------------------------------

==============================================================================


      Code (inc. data)   RO Data    RW Data    ZI Data      Debug   

     63710       4730       1526        720   33815120    1909973   Grand Totals
     63710       4730       1526        160   33815120    1909973   ELF Image Totals (compressed)
     63710       4730       1526        160          0          0   ROM Totals

==============================================================================

    Total RO  Size (Code + RO Data)                65236 (  63.71kB)
    Total RW  Size (RW Data + ZI Data)          33815840 (33023.28kB)
    Total ROM Size (Code + RO Data + RW Data)      65396 (  63.86kB)

==============================================================================

